../Core/Src/main.c:113:6:ProcessNewPcmData	16	static
../Core/Src/main.c:137:5:main	8	static
../Core/Src/main.c:250:6:SystemClock_Config	88	static
../Core/Src/main.c:295:6:PeriphCommonClock_Config	24	static
../Core/Src/main.c:311:6:Fill_Sine_Buffer	24	static
../Core/Src/main.c:328:6:HAL_I2S_RxHalfCpltCallback	16	static
../Core/Src/main.c:337:7:HAL_I2S_RxCpltCallback	16	static
../Core/Src/main.c:346:6:HAL_I2S_TxHalfCpltCallback	16	static
../Core/Src/main.c:370:6:HAL_I2S_TxCpltCallback	16	static
../Core/Src/main.c:395:6:HAL_I2S_ErrorCallback	16	static
../Core/Src/main.c:416:6:Error_Handler	4	static,ignoring_inline_asm
