../Drivers/STM32F4xx_HAL_Driver/Src/stm32f4xx_hal.c:159:19:HAL_Init	8	static
../Drivers/STM32F4xx_HAL_Driver/Src/stm32f4xx_hal.c:192:19:HAL_DeInit	8	static
../Drivers/STM32F4xx_HAL_Driver/Src/stm32f4xx_hal.c:221:13:HAL_MspInit	4	static
../Drivers/STM32F4xx_HAL_Driver/Src/stm32f4xx_hal.c:232:13:HAL_MspDeInit	4	static
../Drivers/STM32F4xx_HAL_Driver/Src/stm32f4xx_hal.c:255:26:HAL_InitTick	16	static
../Drivers/STM32F4xx_HAL_Driver/Src/stm32f4xx_hal.c:314:13:HAL_IncTick	4	static
../Drivers/STM32F4xx_HAL_Driver/Src/stm32f4xx_hal.c:325:17:HAL_GetTick	4	static
../Drivers/STM32F4xx_HAL_Driver/Src/stm32f4xx_hal.c:334:10:HAL_GetTickPrio	4	static
../Drivers/STM32F4xx_HAL_Driver/Src/stm32f4xx_hal.c:343:19:HAL_SetTickFreq	24	static
../Drivers/STM32F4xx_HAL_Driver/Src/stm32f4xx_hal.c:376:21:HAL_GetTickFreq	4	static
../Drivers/STM32F4xx_HAL_Driver/Src/stm32f4xx_hal.c:392:13:HAL_Delay	24	static
../Drivers/STM32F4xx_HAL_Driver/Src/stm32f4xx_hal.c:418:13:HAL_SuspendTick	4	static
../Drivers/STM32F4xx_HAL_Driver/Src/stm32f4xx_hal.c:434:13:HAL_ResumeTick	4	static
../Drivers/STM32F4xx_HAL_Driver/Src/stm32f4xx_hal.c:444:10:HAL_GetHalVersion	4	static
../Drivers/STM32F4xx_HAL_Driver/Src/stm32f4xx_hal.c:453:10:HAL_GetREVID	4	static
../Drivers/STM32F4xx_HAL_Driver/Src/stm32f4xx_hal.c:462:10:HAL_GetDEVID	4	static
../Drivers/STM32F4xx_HAL_Driver/Src/stm32f4xx_hal.c:471:6:HAL_DBGMCU_EnableDBGSleepMode	4	static
../Drivers/STM32F4xx_HAL_Driver/Src/stm32f4xx_hal.c:480:6:HAL_DBGMCU_DisableDBGSleepMode	4	static
../Drivers/STM32F4xx_HAL_Driver/Src/stm32f4xx_hal.c:489:6:HAL_DBGMCU_EnableDBGStopMode	4	static
../Drivers/STM32F4xx_HAL_Driver/Src/stm32f4xx_hal.c:498:6:HAL_DBGMCU_DisableDBGStopMode	4	static
../Drivers/STM32F4xx_HAL_Driver/Src/stm32f4xx_hal.c:507:6:HAL_DBGMCU_EnableDBGStandbyMode	4	static
../Drivers/STM32F4xx_HAL_Driver/Src/stm32f4xx_hal.c:516:6:HAL_DBGMCU_DisableDBGStandbyMode	4	static
../Drivers/STM32F4xx_HAL_Driver/Src/stm32f4xx_hal.c:527:6:HAL_EnableCompensationCell	4	static
../Drivers/STM32F4xx_HAL_Driver/Src/stm32f4xx_hal.c:538:6:HAL_DisableCompensationCell	4	static
../Drivers/STM32F4xx_HAL_Driver/Src/stm32f4xx_hal.c:547:10:HAL_GetUIDw0	4	static
../Drivers/STM32F4xx_HAL_Driver/Src/stm32f4xx_hal.c:556:10:HAL_GetUIDw1	4	static
../Drivers/STM32F4xx_HAL_Driver/Src/stm32f4xx_hal.c:565:10:HAL_GetUIDw2	4	static
