../Core/Src/main.c:234:6:init_hann_window	2
../Core/Src/main.c:240:6:init_hamming_window	2
../Core/Src/main.c:265:6:init_hpf_filter	1
../Core/Src/main.c:301:11:apply_hpf_filter	1
../Core/Src/main.c:314:6:reset_hpf_filter	1
../Core/Src/main.c:406:11:process_sample	1
../Core/Src/main.c:438:6:process_welch_window	3
../Core/Src/main.c:477:6:process_bartlett_window	3
../Core/Src/main.c:509:6:process_periodogram_window	3
../Core/Src/main.c:553:6:add_samples_to_circular_buffer	3
../Core/Src/main.c:565:6:send_psd_results	8
../Core/Src/main.c:603:6:send_periodogram_results	8
../Core/Src/main.c:636:6:toggle_psd_method	1
../Core/Src/main.c:642:6:reset_psd_variables	5
../Core/Src/main.c:697:5:main	21
../Core/Src/main.c:910:6:SystemClock_Config	3
../Core/Src/main.c:952:6:HAL_I2S_RxHalfCpltCallback	2
../Core/Src/main.c:959:6:HAL_I2S_RxCpltCallback	2
../Core/Src/main.c:967:6:HAL_GPIO_EXTI_Callback	3
../Core/Src/main.c:981:6:HAL_UART_TxCpltCallback	1
../Core/Src/main.c:991:6:Error_Handler	1
