C:/Users/Tomas/STM32CubeIDE/workspace_1.16.1/HolaMundoFFTCMSIS5/PSD-construction-in-STM32F407G-DISC1/Audio_playback_and_record/Middlewares/ST/STM32_USB_Host_Library/Class/MSC/Src/usbh_msc_scsi.c:102:20:USBH_MSC_SCSI_TestUnitReady	24	static
C:/Users/Tomas/STM32CubeIDE/workspace_1.16.1/HolaMundoFFTCMSIS5/PSD-construction-in-STM32F407G-DISC1/Audio_playback_and_record/Middlewares/ST/STM32_USB_Host_Library/Class/MSC/Src/usbh_msc_scsi.c:144:20:USBH_MSC_SCSI_ReadCapacity	32	static
C:/Users/Tomas/STM32CubeIDE/workspace_1.16.1/HolaMundoFFTCMSIS5/PSD-construction-in-STM32F407G-DISC1/Audio_playback_and_record/Middlewares/ST/STM32_USB_Host_Library/Class/MSC/Src/usbh_msc_scsi.c:200:20:USBH_MSC_SCSI_Inquiry	32	static
C:/Users/Tomas/STM32CubeIDE/workspace_1.16.1/HolaMundoFFTCMSIS5/PSD-construction-in-STM32F407G-DISC1/Audio_playback_and_record/Middlewares/ST/STM32_USB_Host_Library/Class/MSC/Src/usbh_msc_scsi.c:271:20:USBH_MSC_SCSI_RequestSense	32	static
C:/Users/Tomas/STM32CubeIDE/workspace_1.16.1/HolaMundoFFTCMSIS5/PSD-construction-in-STM32F407G-DISC1/Audio_playback_and_record/Middlewares/ST/STM32_USB_Host_Library/Class/MSC/Src/usbh_msc_scsi.c:337:20:USBH_MSC_SCSI_Write	32	static
C:/Users/Tomas/STM32CubeIDE/workspace_1.16.1/HolaMundoFFTCMSIS5/PSD-construction-in-STM32F407G-DISC1/Audio_playback_and_record/Middlewares/ST/STM32_USB_Host_Library/Class/MSC/Src/usbh_msc_scsi.c:398:20:USBH_MSC_SCSI_Read	32	static
