Archive member included to satisfy reference by file (symbol)

../../Middlewares/ST/STM32_Audio/Addons/PDM/Lib\libPDMFilter_CM4_GCC_wc32.a(pdm_filter.o)
                              ./Drivers/BSP/STM32F4-Discovery/stm32f4_discovery_audio.o (PDM_Filter_Init)
C:/ST/STM32CubeIDE_1.16.1/STM32CubeIDE/plugins/com.st.stm32cube.ide.mcu.externaltools.gnu-tools-for-stm32.13.3.rel1.win32_1.0.0.202411081344/tools/bin/../lib/gcc/arm-none-eabi/13.3.1/../../../../arm-none-eabi/lib/thumb/v7e-m+fp/hard\libc_nano.a(libc_a-exit.o)
                              C:/ST/STM32CubeIDE_1.16.1/STM32CubeIDE/plugins/com.st.stm32cube.ide.mcu.externaltools.gnu-tools-for-stm32.13.3.rel1.win32_1.0.0.202411081344/tools/bin/../lib/gcc/arm-none-eabi/13.3.1/../../../../arm-none-eabi/lib/thumb/v7e-m+fp/hard/crt0.o (exit)
C:/ST/STM32CubeIDE_1.16.1/STM32CubeIDE/plugins/com.st.stm32cube.ide.mcu.externaltools.gnu-tools-for-stm32.13.3.rel1.win32_1.0.0.202411081344/tools/bin/../lib/gcc/arm-none-eabi/13.3.1/../../../../arm-none-eabi/lib/thumb/v7e-m+fp/hard\libc_nano.a(libc_a-malloc.o)
                              ./Middlewares/FatFs/Options/syscall.o (malloc)
C:/ST/STM32CubeIDE_1.16.1/STM32CubeIDE/plugins/com.st.stm32cube.ide.mcu.externaltools.gnu-tools-for-stm32.13.3.rel1.win32_1.0.0.202411081344/tools/bin/../lib/gcc/arm-none-eabi/13.3.1/../../../../arm-none-eabi/lib/thumb/v7e-m+fp/hard\libc_nano.a(libc_a-mallocr.o)
                              C:/ST/STM32CubeIDE_1.16.1/STM32CubeIDE/plugins/com.st.stm32cube.ide.mcu.externaltools.gnu-tools-for-stm32.13.3.rel1.win32_1.0.0.202411081344/tools/bin/../lib/gcc/arm-none-eabi/13.3.1/../../../../arm-none-eabi/lib/thumb/v7e-m+fp/hard\libc_nano.a(libc_a-malloc.o) (_malloc_r)
C:/ST/STM32CubeIDE_1.16.1/STM32CubeIDE/plugins/com.st.stm32cube.ide.mcu.externaltools.gnu-tools-for-stm32.13.3.rel1.win32_1.0.0.202411081344/tools/bin/../lib/gcc/arm-none-eabi/13.3.1/../../../../arm-none-eabi/lib/thumb/v7e-m+fp/hard\libc_nano.a(libc_a-mlock.o)
                              C:/ST/STM32CubeIDE_1.16.1/STM32CubeIDE/plugins/com.st.stm32cube.ide.mcu.externaltools.gnu-tools-for-stm32.13.3.rel1.win32_1.0.0.202411081344/tools/bin/../lib/gcc/arm-none-eabi/13.3.1/../../../../arm-none-eabi/lib/thumb/v7e-m+fp/hard\libc_nano.a(libc_a-mallocr.o) (__malloc_lock)
C:/ST/STM32CubeIDE_1.16.1/STM32CubeIDE/plugins/com.st.stm32cube.ide.mcu.externaltools.gnu-tools-for-stm32.13.3.rel1.win32_1.0.0.202411081344/tools/bin/../lib/gcc/arm-none-eabi/13.3.1/../../../../arm-none-eabi/lib/thumb/v7e-m+fp/hard\libc_nano.a(libc_a-findfp.o)
                              C:/ST/STM32CubeIDE_1.16.1/STM32CubeIDE/plugins/com.st.stm32cube.ide.mcu.externaltools.gnu-tools-for-stm32.13.3.rel1.win32_1.0.0.202411081344/tools/bin/../lib/gcc/arm-none-eabi/13.3.1/../../../../arm-none-eabi/lib/thumb/v7e-m+fp/hard\libc_nano.a(libc_a-exit.o) (__stdio_exit_handler)
C:/ST/STM32CubeIDE_1.16.1/STM32CubeIDE/plugins/com.st.stm32cube.ide.mcu.externaltools.gnu-tools-for-stm32.13.3.rel1.win32_1.0.0.202411081344/tools/bin/../lib/gcc/arm-none-eabi/13.3.1/../../../../arm-none-eabi/lib/thumb/v7e-m+fp/hard\libc_nano.a(libc_a-fwalk.o)
                              C:/ST/STM32CubeIDE_1.16.1/STM32CubeIDE/plugins/com.st.stm32cube.ide.mcu.externaltools.gnu-tools-for-stm32.13.3.rel1.win32_1.0.0.202411081344/tools/bin/../lib/gcc/arm-none-eabi/13.3.1/../../../../arm-none-eabi/lib/thumb/v7e-m+fp/hard\libc_nano.a(libc_a-findfp.o) (_fwalk_sglue)
C:/ST/STM32CubeIDE_1.16.1/STM32CubeIDE/plugins/com.st.stm32cube.ide.mcu.externaltools.gnu-tools-for-stm32.13.3.rel1.win32_1.0.0.202411081344/tools/bin/../lib/gcc/arm-none-eabi/13.3.1/../../../../arm-none-eabi/lib/thumb/v7e-m+fp/hard\libc_nano.a(libc_a-stdio.o)
                              C:/ST/STM32CubeIDE_1.16.1/STM32CubeIDE/plugins/com.st.stm32cube.ide.mcu.externaltools.gnu-tools-for-stm32.13.3.rel1.win32_1.0.0.202411081344/tools/bin/../lib/gcc/arm-none-eabi/13.3.1/../../../../arm-none-eabi/lib/thumb/v7e-m+fp/hard\libc_nano.a(libc_a-findfp.o) (__sread)
C:/ST/STM32CubeIDE_1.16.1/STM32CubeIDE/plugins/com.st.stm32cube.ide.mcu.externaltools.gnu-tools-for-stm32.13.3.rel1.win32_1.0.0.202411081344/tools/bin/../lib/gcc/arm-none-eabi/13.3.1/../../../../arm-none-eabi/lib/thumb/v7e-m+fp/hard\libc_nano.a(libc_a-memset.o)
                              C:/ST/STM32CubeIDE_1.16.1/STM32CubeIDE/plugins/com.st.stm32cube.ide.mcu.externaltools.gnu-tools-for-stm32.13.3.rel1.win32_1.0.0.202411081344/tools/bin/../lib/gcc/arm-none-eabi/13.3.1/../../../../arm-none-eabi/lib/thumb/v7e-m+fp/hard/crt0.o (memset)
C:/ST/STM32CubeIDE_1.16.1/STM32CubeIDE/plugins/com.st.stm32cube.ide.mcu.externaltools.gnu-tools-for-stm32.13.3.rel1.win32_1.0.0.202411081344/tools/bin/../lib/gcc/arm-none-eabi/13.3.1/../../../../arm-none-eabi/lib/thumb/v7e-m+fp/hard\libc_nano.a(libc_a-closer.o)
[...]
Memory Configuration

Name             Origin             Length             Attributes
CCMRAM           0x10000000         0x00010000         xrw
RAM              0x20000000         0x00020000         xrw
ROM              0x08000000         0x00100000         xr
*default*        0x00000000         0xffffffff

Linker script and memory map

LOAD C:/ST/STM32CubeIDE_1.16.1/STM32CubeIDE/plugins/com.st.stm32cube.ide.mcu.externaltools.gnu-tools-for-stm32.13.3.rel1.win32_1.0.0.202411081344/tools/bin/../lib/gcc/arm-none-eabi/13.3.1/thumb/v7e-m+fp/hard/crti.o
LOAD C:/ST/STM32CubeIDE_1.16.1/STM32CubeIDE/plugins/com.st.stm32cube.ide.mcu.externaltools.gnu-tools-for-stm32.13.3.rel1.win32_1.0.0.202411081344/tools/bin/../lib/gcc/arm-none-eabi/13.3.1/thumb/v7e-m+fp/hard/crtbegin.o
LOAD C:/ST/STM32CubeIDE_1.16.1/STM32CubeIDE/plugins/com.st.stm32cube.ide.mcu.externaltools.gnu-tools-for-stm32.13.3.rel1.win32_1.0.0.202411081344/tools/bin/../lib/gcc/arm-none-eabi/13.3.1/../../../../arm-none-eabi/lib/thumb/v7e-m+fp/hard/crt0.o
LOAD ./Application/Startup/startup_stm32f407vgtx.o
LOAD ./Application/User/main.o
LOAD ./Application/User/stm32f4xx_it.o
LOAD ./Application/User/syscalls.o
LOAD ./Application/User/sysmem.o
LOAD ./Application/User/usbh_conf.o
LOAD ./Application/User/waveplayer.o
LOAD ./Application/User/waverecorder.o
LOAD ./Drivers/BSP/Components/cs43l22.o
LOAD ./Drivers/BSP/Components/lis302dl.o
LOAD ./Drivers/BSP/Components/lis3dsh.o
LOAD ./Drivers/BSP/STM32F4-Discovery/stm32f4_discovery.o
LOAD ./Drivers/BSP/STM32F4-Discovery/stm32f4_discovery_accelerometer.o
LOAD ./Drivers/BSP/STM32F4-Discovery/stm32f4_discovery_audio.o
LOAD ./Drivers/CMSIS/system_stm32f4xx.o
LOAD ./Drivers/STM32F4xx_HAL_Drivers/stm32f4xx_hal.o
LOAD ./Drivers/STM32F4xx_HAL_Drivers/stm32f4xx_hal_cortex.o
LOAD ./Drivers/STM32F4xx_HAL_Drivers/stm32f4xx_hal_dma.o
LOAD ./Drivers/STM32F4xx_HAL_Drivers/stm32f4xx_hal_flash.o
LOAD ./Drivers/STM32F4xx_HAL_Drivers/stm32f4xx_hal_flash_ex.o
LOAD ./Drivers/STM32F4xx_HAL_Drivers/stm32f4xx_hal_gpio.o
LOAD ./Drivers/STM32F4xx_HAL_Drivers/stm32f4xx_hal_hcd.o
LOAD ./Drivers/STM32F4xx_HAL_Drivers/stm32f4xx_hal_i2c.o
LOAD ./Drivers/STM32F4xx_HAL_Drivers/stm32f4xx_hal_i2c_ex.o
LOAD ./Drivers/STM32F4xx_HAL_Drivers/stm32f4xx_hal_i2s.o
LOAD ./Drivers/STM32F4xx_HAL_Drivers/stm32f4xx_hal_i2s_ex.o
LOAD ./Drivers/STM32F4xx_HAL_Drivers/stm32f4xx_hal_pwr.o
LOAD ./Drivers/STM32F4xx_HAL_Drivers/stm32f4xx_hal_pwr_ex.o
LOAD ./Drivers/STM32F4xx_HAL_Drivers/stm32f4xx_hal_rcc.o
LOAD ./Drivers/STM32F4xx_HAL_Drivers/stm32f4xx_hal_rcc_ex.o
LOAD ./Drivers/STM32F4xx_HAL_Drivers/stm32f4xx_hal_rtc.o
LOAD ./Drivers/STM32F4xx_HAL_Drivers/stm32f4xx_hal_spi.o
LOAD ./Drivers/STM32F4xx_HAL_Drivers/stm32f4xx_hal_tim.o
LOAD ./Drivers/STM32F4xx_HAL_Drivers/stm32f4xx_hal_tim_ex.o
LOAD ./Drivers/STM32F4xx_HAL_Drivers/stm32f4xx_ll_fmc.o
LOAD ./Drivers/STM32F4xx_HAL_Drivers/stm32f4xx_ll_usb.o
LOAD ./Middlewares/FatFs/Core/diskio.o
LOAD ./Middlewares/FatFs/Core/ff.o
LOAD ./Middlewares/FatFs/Core/ff_gen_drv.o
LOAD ./Middlewares/FatFs/Drivers/usbh_diskio_dma.o
LOAD ./Middlewares/FatFs/Options/syscall.o
LOAD ./Middlewares/FatFs/Options/unicode.o
LOAD ./Middlewares/STM32_USBH_Library/Class/MSC/usbh_msc.o
LOAD ./Middlewares/STM32_USBH_Library/Class/MSC/usbh_msc_bot.o
LOAD ./Middlewares/STM32_USBH_Library/Class/MSC/usbh_msc_scsi.o
LOAD ./Middlewares/STM32_USBH_Library/Core/usbh_core.o
LOAD ./Middlewares/STM32_USBH_Library/Core/usbh_ctlreq.o
LOAD ./Middlewares/STM32_USBH_Library/Core/usbh_ioreq.o
LOAD ./Middlewares/STM32_USBH_Library/Core/usbh_pipes.o
LOAD ../../Middlewares/ST/STM32_Audio/Addons/PDM/Lib\libPDMFilter_CM4_GCC_wc32.a
START GROUP
LOAD C:/ST/STM32CubeIDE_1.16.1/STM32CubeIDE/plugins/com.st.stm32cube.ide.mcu.externaltools.gnu-tools-for-stm32.13.3.rel1.win32_1.0.0.202411081344/tools/bin/../lib/gcc/arm-none-eabi/13.3.1/../../../../arm-none-eabi/lib/thumb/v7e-m+fp/hard\libc_nano.a
LOAD C:/ST/STM32CubeIDE_1.16.1/STM32CubeIDE/plugins/com.st.stm32cube.ide.mcu.externaltools.gnu-tools-for-stm32.13.3.rel1.win32_1.0.0.202411081344/tools/bin/../lib/gcc/arm-none-eabi/13.3.1/../../../../arm-none-eabi/lib/thumb/v7e-m+fp/hard\libm.a
END GROUP
START GROUP
LOAD C:/ST/STM32CubeIDE_1.16.1/STM32CubeIDE/plugins/com.st.stm32cube.ide.mcu.externaltools.gnu-tools-for-stm32.13.3.rel1.win32_1.0.0.202411081344/tools/bin/../lib/gcc/arm-none-eabi/13.3.1/thumb/v7e-m+fp/hard\libgcc.a
LOAD C:/ST/STM32CubeIDE_1.16.1/STM32CubeIDE/plugins/com.st.stm32cube.ide.mcu.externaltools.gnu-tools-for-stm32.13.3.rel1.win32_1.0.0.202411081344/tools/bin/../lib/gcc/arm-none-eabi/13.3.1/../../../../arm-none-eabi/lib/thumb/v7e-m+fp/hard\libc_nano.a
END GROUP
START GROUP
LOAD C:/ST/STM32CubeIDE_1.16.1/STM32CubeIDE/plugins/com.st.stm32cube.ide.mcu.externaltools.gnu-tools-for-stm32.13.3.rel1.win32_1.0.0.202411081344/tools/bin/../lib/gcc/arm-none-eabi/13.3.1/thumb/v7e-m+fp/hard\libgcc.a
LOAD C:/ST/STM32CubeIDE_1.16.1/STM32CubeIDE/plugins/com.st.stm32cube.ide.mcu.externaltools.gnu-tools-for-stm32.13.3.rel1.win32_1.0.0.202411081344/tools/bin/../lib/gcc/arm-none-eabi/13.3.1/../../../../arm-none-eabi/lib/thumb/v7e-m+fp/hard\libc_nano.a
LOAD C:/ST/STM32CubeIDE_1.16.1/STM32CubeIDE/plugins/com.st.stm32cube.ide.mcu.externaltools.gnu-tools-for-stm32.13.3.rel1.win32_1.0.0.202411081344/tools/bin/../lib/gcc/arm-none-eabi/13.3.1/../../../../arm-none-eabi/lib/thumb/v7e-m+fp/hard\libnosys.a
END GROUP
START GROUP
LOAD C:/ST/STM32CubeIDE_1.16.1/STM32CubeIDE/plugins/com.st.stm32cube.ide.mcu.externaltools.gnu-tools-for-stm32.13.3.rel1.win32_1.0.0.202411081344/tools/bin/../lib/gcc/arm-none-eabi/13.3.1/thumb/v7e-m+fp/hard\libgcc.a
LOAD C:/ST/STM32CubeIDE_1.16.1/STM32CubeIDE/plugins/com.st.stm32cube.ide.mcu.externaltools.gnu-tools-for-stm32.13.3.rel1.win32_1.0.0.202411081344/tools/bin/../lib/gcc/arm-none-eabi/13.3.1/../../../../arm-none-eabi/lib/thumb/v7e-m+fp/hard\libc_nano.a
LOAD C:/ST/STM32CubeIDE_1.16.1/STM32CubeIDE/plugins/com.st.stm32cube.ide.mcu.externaltools.gnu-tools-for-stm32.13.3.rel1.win32_1.0.0.202411081344/tools/bin/../lib/gcc/arm-none-eabi/13.3.1/../../../../arm-none-eabi/lib/thumb/v7e-m+fp/hard\libnosys.a
END GROUP
LOAD C:/ST/STM32CubeIDE_1.16.1/STM32CubeIDE/plugins/com.st.stm32cube.ide.mcu.externaltools.gnu-tools-for-stm32.13.3.rel1.win32_1.0.0.202411081344/tools/bin/../lib/gcc/arm-none-eabi/13.3.1/thumb/v7e-m+fp/hard/crtend.o
LOAD C:/ST/STM32CubeIDE_1.16.1/STM32CubeIDE/plugins/com.st.stm32cube.ide.mcu.externaltools.gnu-tools-for-stm32.13.3.rel1.win32_1.0.0.202411081344/tools/bin/../lib/gcc/arm-none-eabi/13.3.1/thumb/v7e-m+fp/hard/crtn.o
                0x20020000                        _estack = (ORIGIN (RAM) + LENGTH (RAM))
                0x00002000                        _Min_Heap_Size = 0x2000
                0x00002000                        _Min_Stack_Size = 0x2000

.isr_vector     0x08000000      0x188
                0x08000000                        . = ALIGN (0x4)
 *(.isr_vector)
 .isr_vector    0x08000000      0x188 ./Application/Startup/startup_stm32f407vgtx.o
                0x08000000                g_pfnVectors
                0x08000188                        . = ALIGN (0x4)

.text           0x08000188    0x15670
                0x08000188                        . = ALIGN (0x4)
 *(.text)
 .text          0x08000188       0x40 C:/ST/STM32CubeIDE_1.16.1/STM32CubeIDE/plugins/com.st.stm32cube.ide.mcu.externaltools.gnu-tools-for-stm32.13.3.rel1.win32_1.0.0.202411081344/tools/bin/../lib/gcc/arm-none-eabi/13.3.1/thumb/v7e-m+fp/hard/crtbegin.o
 .text          0x080001c8       0x30 C:/ST/STM32CubeIDE_1.16.1/STM32CubeIDE/plugins/com.st.stm32cube.ide.mcu.externaltools.gnu-tools-for-stm32.13.3.rel1.win32_1.0.0.202411081344/tools/bin/../lib/gcc/arm-none-eabi/13.3.1/thumb/v7e-m+fp/hard\libgcc.a(_aeabi_uldivmod.o)
                0x080001c8                __aeabi_uldivmod
 .text          0x080001f8      0x2f8 C:/ST/STM32CubeIDE_1.16.1/STM32CubeIDE/plugins/com.st.stm32cube.ide.mcu.externaltools.gnu-tools-for-stm32.13.3.rel1.win32_1.0.0.202411081344/tools/bin/../lib/gcc/arm-none-eabi/13.3.1/thumb/v7e-m+fp/hard\libgcc.a(_udivmoddi4.o)
                0x080001f8                __udivmoddi4
 .text          0x080004f0        0x4 C:/ST/STM32CubeIDE_1.16.1/STM32CubeIDE/plugins/com.st.stm32cube.ide.mcu.externaltools.gnu-tools-for-stm32.13.3.rel1.win32_1.0.0.202411081344/tools/bin/../lib/gcc/arm-none-eabi/13.3.1/thumb/v7e-m+fp/hard\libgcc.a(_dvmd_tls.o)
                0x080004f0                __aeabi_idiv0
                0x080004f0                __aeabi_ldiv0
 *(.text*)
 .text.Reset_Handler
                0x080004f4       0x50 ./Application/Startup/startup_stm32f407vgtx.o
                0x080004f4                Reset_Handler
 .text.Default_Handler
                0x08000544        0x2 ./Application/Startup/startup_stm32f407vgtx.o
                0x08000544                RTC_Alarm_IRQHandler
                0x08000544                HASH_RNG_IRQHandler
                0x08000544                EXTI2_IRQHandler
                0x08000544                TIM8_CC_IRQHandler
                0x08000544                TIM1_CC_IRQHandler
                0x08000544                DMA2_Stream5_IRQHandler
                0x08000544                DMA1_Stream5_IRQHandler
                0x08000544                PVD_IRQHandler
                0x08000544                SDIO_IRQHandler
                0x08000544                TAMP_STAMP_IRQHandler
                0x08000544                CAN2_RX1_IRQHandler
                0x08000544                EXTI3_IRQHandler
                0x08000544                TIM8_TRG_COM_TIM14_IRQHandler
                0x08000544                TIM1_UP_TIM10_IRQHandler
                0x08000544                TIM8_UP_TIM13_IRQHandler
                0x08000544                I2C3_ER_IRQHandler
                0x08000544                I2C2_EV_IRQHandler
                0x08000544                DMA1_Stream2_IRQHandler
                0x08000544                CAN1_RX0_IRQHandler
                0x08000544                FPU_IRQHandler
                0x08000544                OTG_HS_WKUP_IRQHandler
                0x08000544                CAN2_SCE_IRQHandler
                0x08000544                DMA2_Stream2_IRQHandler
                0x08000544                SPI1_IRQHandler
                0x08000544                TIM6_DAC_IRQHandler
                0x08000544                TIM1_BRK_TIM9_IRQHandler
                0x08000544                DCMI_IRQHandler
                0x08000544                CAN2_RX0_IRQHandler
                0x08000544                DMA2_Stream3_IRQHandler
                0x08000544                USART6_IRQHandler
                0x08000544                USART3_IRQHandler
                0x08000544                CAN1_RX1_IRQHandler
                0x08000544                UART5_IRQHandler
                0x08000544                DMA2_Stream0_IRQHandler
                0x08000544                I2C1_EV_IRQHandler
                0x08000544                DMA1_Stream6_IRQHandler
                0x08000544                DMA1_Stream1_IRQHandler
                0x08000544                UART4_IRQHandler
                0x08000544                TIM3_IRQHandler
                0x08000544                RCC_IRQHandler
                0x08000544                TIM8_BRK_TIM12_IRQHandler
                0x08000544                Default_Handler
                0x08000544                EXTI15_10_IRQHandler
                0x08000544                ADC_IRQHandler
                0x08000544                TIM7_IRQHandler
                0x08000544                CAN2_TX_IRQHandler
                0x08000544                TIM5_IRQHandler
                0x08000544                DMA2_Stream7_IRQHandler
                0x08000544                I2C3_EV_IRQHandler
                0x08000544                EXTI9_5_IRQHandler
                0x08000544                RTC_WKUP_IRQHandler
                0x08000544                ETH_WKUP_IRQHandler
                0x08000544                SPI2_IRQHandler
                0x08000544                OTG_HS_EP1_IN_IRQHandler
                0x08000544                DMA1_Stream0_IRQHandler
                0x08000544                CAN1_TX_IRQHandler
                0x08000544                EXTI4_IRQHandler
                0x08000544                FSMC_IRQHandler
                0x08000544                ETH_IRQHandler
                0x08000544                OTG_HS_EP1_OUT_IRQHandler
                0x08000544                WWDG_IRQHandler
                0x08000544                TIM2_IRQHandler
                0x08000544                OTG_FS_WKUP_IRQHandler
                0x08000544                TIM1_TRG_COM_TIM11_IRQHandler
                0x08000544                OTG_HS_IRQHandler
                0x08000544                USART2_IRQHandler
                0x08000544                I2C2_ER_IRQHandler
                0x08000544                DMA2_Stream1_IRQHandler
                0x08000544                CAN1_SCE_IRQHandler
                0x08000544                FLASH_IRQHandler
                0x08000544                DMA2_Stream4_IRQHandler
                0x08000544                USART1_IRQHandler
                0x08000544                SPI3_IRQHandler
                0x08000544                DMA1_Stream4_IRQHandler
                0x08000544                I2C1_ER_IRQHandler
                0x08000544                DMA2_Stream6_IRQHandler
 *fill*         0x08000546        0x2 
 .text.main     0x08000548       0xc0 ./Application/User/main.o
                0x08000548                main
 .text.USBH_UserProcess
                0x08000608       0x60 ./Application/User/main.o
 .text.MSC_Application
                0x08000668       0x4c ./Application/User/main.o
 .text.COMMAND_AudioExecuteApplication
                0x080006b4       0x3c ./Application/User/main.o
 .text.SystemClock_Config
                0x080006f0       0xd4 ./Application/User/main.o
 .text.TIM_LED_Config
                0x080007c4       0xfc ./Application/User/main.o
 .text.Error_Handler
                0x080008c0        0xe ./Application/User/main.o
                0x080008c0                Error_Handler
 *fill*         0x080008ce        0x2 
 .text.HAL_TIM_OC_DelayElapsedCallback
                0x080008d0       0xd8 ./Application/User/main.o
                0x080008d0                HAL_TIM_OC_DelayElapsedCallback
 .text.HAL_GPIO_EXTI_Callback
                0x080009a8       0xa4 ./Application/User/main.o
                0x080009a8                HAL_GPIO_EXTI_Callback
 .text.NMI_Handler
                0x08000a4c        0xe ./Application/User/stm32f4xx_it.o
                0x08000a4c                NMI_Handler
 .text.HardFault_Handler
                0x08000a5a        0x8 ./Application/User/stm32f4xx_it.o
                0x08000a5a                HardFault_Handler
 .text.MemManage_Handler
                0x08000a62        0x8 ./Application/User/stm32f4xx_it.o
                0x08000a62                MemManage_Handler
 .text.BusFault_Handler
                0x08000a6a        0x8 ./Application/User/stm32f4xx_it.o
                0x08000a6a                BusFault_Handler
 .text.UsageFault_Handler
                0x08000a72        0x8 ./Application/User/stm32f4xx_it.o
                0x08000a72                UsageFault_Handler
 .text.SVC_Handler
                0x08000a7a        0xe ./Application/User/stm32f4xx_it.o
                0x08000a7a                SVC_Handler
 .text.DebugMon_Handler
                0x08000a88        0xe ./Application/User/stm32f4xx_it.o
                0x08000a88                DebugMon_Handler
 .text.PendSV_Handler
                0x08000a96        0xe ./Application/User/stm32f4xx_it.o
                0x08000a96                PendSV_Handler
 .text.SysTick_Handler
                0x08000aa4       0x28 ./Application/User/stm32f4xx_it.o
                0x08000aa4                SysTick_Handler
 .text.EXTI0_IRQHandler
                0x08000acc        0xe ./Application/User/stm32f4xx_it.o
                0x08000acc                EXTI0_IRQHandler
 .text.EXTI1_IRQHandler
                0x08000ada        0xe ./Application/User/stm32f4xx_it.o
                0x08000ada                EXTI1_IRQHandler
 .text.DMA1_Stream7_IRQHandler
                0x08000ae8       0x18 ./Application/User/stm32f4xx_it.o
                0x08000ae8                DMA1_Stream7_IRQHandler
 .text.DMA1_Stream3_IRQHandler
                0x08000b00       0x18 ./Application/User/stm32f4xx_it.o
                0x08000b00                DMA1_Stream3_IRQHandler
 .text.TIM4_IRQHandler
                0x08000b18       0x14 ./Application/User/stm32f4xx_it.o
                0x08000b18                TIM4_IRQHandler
 .text.OTG_FS_IRQHandler
                0x08000b2c       0x14 ./Application/User/stm32f4xx_it.o
                0x08000b2c                OTG_FS_IRQHandler
 .text._sbrk    0x08000b40       0x6c ./Application/User/sysmem.o
                0x08000b40                _sbrk
 .text.HAL_HCD_MspInit
                0x08000bac       0xf8 ./Application/User/usbh_conf.o
                0x08000bac                HAL_HCD_MspInit
 .text.HAL_HCD_SOF_Callback
                0x08000ca4       0x1c ./Application/User/usbh_conf.o
                0x08000ca4                HAL_HCD_SOF_Callback
 .text.HAL_HCD_Connect_Callback
                0x08000cc0       0x1c ./Application/User/usbh_conf.o
                0x08000cc0                HAL_HCD_Connect_Callback
 .text.HAL_HCD_Disconnect_Callback
                0x08000cdc       0x1c ./Application/User/usbh_conf.o
                0x08000cdc                HAL_HCD_Disconnect_Callback
 .text.HAL_HCD_PortEnabled_Callback
                0x08000cf8       0x1c ./Application/User/usbh_conf.o
                0x08000cf8                HAL_HCD_PortEnabled_Callback
 .text.HAL_HCD_PortDisabled_Callback
                0x08000d14       0x1c ./Application/User/usbh_conf.o
                0x08000d14                HAL_HCD_PortDisabled_Callback
 .text.HAL_HCD_HC_NotifyURBChange_Callback
                0x08000d30       0x1c ./Application/User/usbh_conf.o
                0x08000d30                HAL_HCD_HC_NotifyURBChange_Callback
 .text.USBH_LL_Init
                0x08000d4c       0x74 ./Application/User/usbh_conf.o
                0x08000d4c                USBH_LL_Init
 .text.USBH_LL_Start
                0x08000dc0       0x1e ./Application/User/usbh_conf.o
                0x08000dc0                USBH_LL_Start
 .text.USBH_LL_Stop
                0x08000dde       0x1e ./Application/User/usbh_conf.o
                0x08000dde                USBH_LL_Stop
 .text.USBH_LL_GetSpeed
                0x08000dfc       0x4e ./Application/User/usbh_conf.o
                0x08000dfc                USBH_LL_GetSpeed
 .text.USBH_LL_ResetPort
                0x08000e4a       0x1e ./Application/User/usbh_conf.o
                0x08000e4a                USBH_LL_ResetPort
 .text.USBH_LL_GetLastXferSize
                0x08000e68       0x26 ./Application/User/usbh_conf.o
                0x08000e68                USBH_LL_GetLastXferSize
 .text.USBH_LL_OpenPipe
                0x08000e8e       0x42 ./Application/User/usbh_conf.o
                0x08000e8e                USBH_LL_OpenPipe
 .text.USBH_LL_ClosePipe
                0x08000ed0       0x26 ./Application/User/usbh_conf.o
                0x08000ed0                USBH_LL_ClosePipe
 .text.USBH_LL_SubmitURB
                0x08000ef6       0x48 ./Application/User/usbh_conf.o
                0x08000ef6                USBH_LL_SubmitURB
 .text.USBH_LL_GetURBState
                0x08000f3e       0x26 ./Application/User/usbh_conf.o
                0x08000f3e                USBH_LL_GetURBState
 .text.USBH_LL_DriverVBUS
                0x08000f64       0x3c ./Application/User/usbh_conf.o
                0x08000f64                USBH_LL_DriverVBUS
 .text.USBH_LL_SetToggle
                0x08000fa0       0x64 ./Application/User/usbh_conf.o
                0x08000fa0                USBH_LL_SetToggle
 .text.USBH_LL_GetToggle
                0x08001004       0x64 ./Application/User/usbh_conf.o
                0x08001004                USBH_LL_GetToggle
 .text.USBH_Delay
                0x08001068       0x16 ./Application/User/usbh_conf.o
                0x08001068                USBH_Delay
 *fill*         0x0800107e        0x2 
 .text.WavePlayBack
                0x08001080      0x194 ./Application/User/waveplayer.o
                0x08001080                WavePlayBack
 .text.WavePlayerPauseResume
                0x08001214       0x20 ./Application/User/waveplayer.o
                0x08001214                WavePlayerPauseResume
 .text.WavePlayerStop
                0x08001234        0xe ./Application/User/waveplayer.o
                0x08001234                WavePlayerStop
 *fill*         0x08001242        0x2 
 .text.WavePlayerInit
                0x08001244       0x28 ./Application/User/waveplayer.o
                0x08001244                WavePlayerInit
 .text.BSP_AUDIO_OUT_HalfTransfer_CallBack
                0x0800126c       0x18 ./Application/User/waveplayer.o
                0x0800126c                BSP_AUDIO_OUT_HalfTransfer_CallBack
 .text.BSP_AUDIO_OUT_TransferComplete_CallBack
                0x08001284       0x20 ./Application/User/waveplayer.o
                0x08001284                BSP_AUDIO_OUT_TransferComplete_CallBack
 .text.BSP_AUDIO_OUT_Error_CallBack
                0x080012a4        0x8 ./Application/User/waveplayer.o
                0x080012a4                BSP_AUDIO_OUT_Error_CallBack
 .text.WavePlayerStart
                0x080012ac       0x98 ./Application/User/waveplayer.o
                0x080012ac                WavePlayerStart
 .text.WavePlayer_CallBack
                0x08001344       0x74 ./Application/User/waveplayer.o
                0x08001344                WavePlayer_CallBack
 .text.WaveRecorderStop
                0x080013b8        0xe ./Application/User/waverecorder.o
                0x080013b8                WaveRecorderStop
 *fill*         0x080013c6        0x2 
 .text.WaveRecorderProcess
                0x080013c8      0x18c ./Application/User/waverecorder.o
                0x080013c8                WaveRecorderProcess
 .text.BSP_AUDIO_IN_TransferComplete_CallBack
                0x08001554       0x90 ./Application/User/waverecorder.o
                0x08001554                BSP_AUDIO_IN_TransferComplete_CallBack
 .text.BSP_AUDIO_IN_HalfTransfer_CallBack
                0x080015e4       0x90 ./Application/User/waverecorder.o
                0x080015e4                BSP_AUDIO_IN_HalfTransfer_CallBack
 .text.WavProcess_EncInit
                0x08001674       0x80 ./Application/User/waverecorder.o
 .text.WavProcess_HeaderInit
                0x080016f4      0x1ae ./Application/User/waverecorder.o
 *fill*         0x080018a2        0x2 
 .text.WavProcess_HeaderUpdate
                0x080018a4       0x94 ./Application/User/waverecorder.o
 .text.cs43l22_Init
                0x08001938      0x1c8 ./Drivers/BSP/Components/cs43l22.o
                0x08001938                cs43l22_Init
 .text.cs43l22_DeInit
                0x08001b00        0xc ./Drivers/BSP/Components/cs43l22.o
                0x08001b00                cs43l22_DeInit
 .text.cs43l22_ReadID
                0x08001b0c       0x30 ./Drivers/BSP/Components/cs43l22.o
                0x08001b0c                cs43l22_ReadID
 .text.cs43l22_Play
                0x08001b3c       0x74 ./Drivers/BSP/Components/cs43l22.o
                0x08001b3c                cs43l22_Play
 .text.cs43l22_Pause
                0x08001bb0       0x42 ./Drivers/BSP/Components/cs43l22.o
                0x08001bb0                cs43l22_Pause
 *fill*         0x08001bf2        0x2 
 .text.cs43l22_Resume
                0x08001bf4       0x78 ./Drivers/BSP/Components/cs43l22.o
                0x08001bf4                cs43l22_Resume
 .text.cs43l22_Stop
                0x08001c6c       0x68 ./Drivers/BSP/Components/cs43l22.o
                0x08001c6c                cs43l22_Stop
 .text.cs43l22_SetVolume
                0x08001cd4       0xbc ./Drivers/BSP/Components/cs43l22.o
                0x08001cd4                cs43l22_SetVolume
 .text.cs43l22_SetFrequency
                0x08001d90       0x1a ./Drivers/BSP/Components/cs43l22.o
                0x08001d90                cs43l22_SetFrequency
 *fill*         0x08001daa        0x2 
 .text.cs43l22_SetMute
                0x08001dac       0xbc ./Drivers/BSP/Components/cs43l22.o
                0x08001dac                cs43l22_SetMute
 .text.cs43l22_SetOutputMode
                0x08001e68       0xe4 ./Drivers/BSP/Components/cs43l22.o
                0x08001e68                cs43l22_SetOutputMode
 .text.cs43l22_Reset
                0x08001f4c       0x18 ./Drivers/BSP/Components/cs43l22.o
                0x08001f4c                cs43l22_Reset
 .text.CODEC_IO_Write
                0x08001f64       0x2e ./Drivers/BSP/Components/cs43l22.o
 .text.LIS302DL_Init
                0x08001f92       0x2e ./Drivers/BSP/Components/lis302dl.o
                0x08001f92                LIS302DL_Init
 .text.LIS302DL_DeInit
                0x08001fc0        0xe ./Drivers/BSP/Components/lis302dl.o
                0x08001fc0                LIS302DL_DeInit
 .text.LIS302DL_ReadID
                0x08001fce       0x24 ./Drivers/BSP/Components/lis302dl.o
                0x08001fce                LIS302DL_ReadID
 .text.LIS302DL_FilterConfig
                0x08001ff2       0x46 ./Drivers/BSP/Components/lis302dl.o
                0x08001ff2                LIS302DL_FilterConfig
 .text.LIS302DL_InterruptConfig
                0x08002038       0x46 ./Drivers/BSP/Components/lis302dl.o
                0x08002038                LIS302DL_InterruptConfig
 .text.LIS302DL_Click_IntConfig
                0x0800207e       0xaa ./Drivers/BSP/Components/lis302dl.o
                0x0800207e                LIS302DL_Click_IntConfig
 .text.LIS302DL_Click_IntClear
                0x08002128       0x2c ./Drivers/BSP/Components/lis302dl.o
                0x08002128                LIS302DL_Click_IntClear
 .text.LIS302DL_RebootCmd
                0x08002154       0x30 ./Drivers/BSP/Components/lis302dl.o
                0x08002154                LIS302DL_RebootCmd
 .text.LIS302DL_ReadACC
                0x08002184       0xb2 ./Drivers/BSP/Components/lis302dl.o
                0x08002184                LIS302DL_ReadACC
 .text.LIS3DSH_Init
                0x08002236       0x46 ./Drivers/BSP/Components/lis3dsh.o
                0x08002236                LIS3DSH_Init
 .text.LIS3DSH_DeInit
                0x0800227c        0xe ./Drivers/BSP/Components/lis3dsh.o
                0x0800227c                LIS3DSH_DeInit
 .text.LIS3DSH_ReadID
                0x0800228a       0x24 ./Drivers/BSP/Components/lis3dsh.o
                0x0800228a                LIS3DSH_ReadID
 .text.LIS3DSH_InterruptConfig
                0x080022ae       0x70 ./Drivers/BSP/Components/lis3dsh.o
                0x080022ae                LIS3DSH_InterruptConfig
 .text.LIS3DSH_Click_IntConfig
                0x0800231e       0xde ./Drivers/BSP/Components/lis3dsh.o
                0x0800231e                LIS3DSH_Click_IntConfig
 .text.LIS3DSH_RebootCmd
                0x080023fc       0x30 ./Drivers/BSP/Components/lis3dsh.o
                0x080023fc                LIS3DSH_RebootCmd
 .text.LIS3DSH_ReadACC
                0x0800242c      0x1b4 ./Drivers/BSP/Components/lis3dsh.o
                0x0800242c                LIS3DSH_ReadACC
 .text.BSP_LED_Init
                0x080025e0       0xf0 ./Drivers/BSP/STM32F4-Discovery/stm32f4_discovery.o
                0x080025e0                BSP_LED_Init
 .text.BSP_LED_On
                0x080026d0       0x34 ./Drivers/BSP/STM32F4-Discovery/stm32f4_discovery.o
                0x080026d0                BSP_LED_On
 .text.BSP_LED_Off
                0x08002704       0x34 ./Drivers/BSP/STM32F4-Discovery/stm32f4_discovery.o
                0x08002704                BSP_LED_Off
 .text.BSP_LED_Toggle
                0x08002738       0x34 ./Drivers/BSP/STM32F4-Discovery/stm32f4_discovery.o
                0x08002738                BSP_LED_Toggle
 .text.BSP_PB_Init
                0x0800276c       0xb0 ./Drivers/BSP/STM32F4-Discovery/stm32f4_discovery.o
                0x0800276c                BSP_PB_Init
 .text.SPIx_Init
                0x0800281c       0x74 ./Drivers/BSP/STM32F4-Discovery/stm32f4_discovery.o
 .text.SPIx_WriteRead
                0x08002890       0x40 ./Drivers/BSP/STM32F4-Discovery/stm32f4_discovery.o
 .text.SPIx_Error
                0x080028d0       0x18 ./Drivers/BSP/STM32F4-Discovery/stm32f4_discovery.o
 .text.SPIx_MspInit
                0x080028e8       0x70 ./Drivers/BSP/STM32F4-Discovery/stm32f4_discovery.o
 .text.I2Cx_Init
                0x08002958       0x4c ./Drivers/BSP/STM32F4-Discovery/stm32f4_discovery.o
 .text.I2Cx_WriteData
                0x080029a4       0x58 ./Drivers/BSP/STM32F4-Discovery/stm32f4_discovery.o
 .text.I2Cx_ReadData
                0x080029fc       0x5c ./Drivers/BSP/STM32F4-Discovery/stm32f4_discovery.o
 .text.I2Cx_Error
                0x08002a58       0x20 ./Drivers/BSP/STM32F4-Discovery/stm32f4_discovery.o
 .text.I2Cx_MspInit
                0x08002a78       0xa8 ./Drivers/BSP/STM32F4-Discovery/stm32f4_discovery.o
 .text.ACCELERO_IO_Init
                0x08002b20       0x5c ./Drivers/BSP/STM32F4-Discovery/stm32f4_discovery.o
                0x08002b20                ACCELERO_IO_Init
 .text.ACCELERO_IO_ITConfig
                0x08002b7c       0x60 ./Drivers/BSP/STM32F4-Discovery/stm32f4_discovery.o
                0x08002b7c                ACCELERO_IO_ITConfig
 .text.ACCELERO_IO_Write
                0x08002bdc       0x64 ./Drivers/BSP/STM32F4-Discovery/stm32f4_discovery.o
                0x08002bdc                ACCELERO_IO_Write
 .text.ACCELERO_IO_Read
                0x08002c40       0x74 ./Drivers/BSP/STM32F4-Discovery/stm32f4_discovery.o
                0x08002c40                ACCELERO_IO_Read
 .text.AUDIO_IO_Init
                0x08002cb4       0x70 ./Drivers/BSP/STM32F4-Discovery/stm32f4_discovery.o
                0x08002cb4                AUDIO_IO_Init
 .text.AUDIO_IO_DeInit
                0x08002d24        0xe ./Drivers/BSP/STM32F4-Discovery/stm32f4_discovery.o
                0x08002d24                AUDIO_IO_DeInit
 .text.AUDIO_IO_Write
                0x08002d32       0x26 ./Drivers/BSP/STM32F4-Discovery/stm32f4_discovery.o
                0x08002d32                AUDIO_IO_Write
 .text.AUDIO_IO_Read
                0x08002d58       0x26 ./Drivers/BSP/STM32F4-Discovery/stm32f4_discovery.o
                0x08002d58                AUDIO_IO_Read
 *fill*         0x08002d7e        0x2 
 .text.BSP_ACCELERO_Init
                0x08002d80      0x118 ./Drivers/BSP/STM32F4-Discovery/stm32f4_discovery_accelerometer.o
                0x08002d80                BSP_ACCELERO_Init
 .text.BSP_ACCELERO_ReadID
                0x08002e98       0x30 ./Drivers/BSP/STM32F4-Discovery/stm32f4_discovery_accelerometer.o
                0x08002e98                BSP_ACCELERO_ReadID
 .text.BSP_ACCELERO_Click_ITConfig
                0x08002ec8       0x20 ./Drivers/BSP/STM32F4-Discovery/stm32f4_discovery_accelerometer.o
                0x08002ec8                BSP_ACCELERO_Click_ITConfig
 .text.BSP_ACCELERO_Click_ITClear
                0x08002ee8       0x20 ./Drivers/BSP/STM32F4-Discovery/stm32f4_discovery_accelerometer.o
                0x08002ee8                BSP_ACCELERO_Click_ITClear
 .text.BSP_AUDIO_OUT_Init
                0x08002f08       0x9c ./Drivers/BSP/STM32F4-Discovery/stm32f4_discovery_audio.o
                0x08002f08                BSP_AUDIO_OUT_Init
 .text.BSP_AUDIO_OUT_Play
                0x08002fa4       0x54 ./Drivers/BSP/STM32F4-Discovery/stm32f4_discovery_audio.o
                0x08002fa4                BSP_AUDIO_OUT_Play
 .text.BSP_AUDIO_OUT_ChangeBuffer
                0x08002ff8       0x24 ./Drivers/BSP/STM32F4-Discovery/stm32f4_discovery_audio.o
                0x08002ff8                BSP_AUDIO_OUT_ChangeBuffer
 .text.BSP_AUDIO_OUT_Pause
                0x0800301c       0x2c ./Drivers/BSP/STM32F4-Discovery/stm32f4_discovery_audio.o
                0x0800301c                BSP_AUDIO_OUT_Pause
 .text.BSP_AUDIO_OUT_Resume
                0x08003048       0x2c ./Drivers/BSP/STM32F4-Discovery/stm32f4_discovery_audio.o
                0x08003048                BSP_AUDIO_OUT_Resume
 .text.BSP_AUDIO_OUT_Stop
                0x08003074       0x50 ./Drivers/BSP/STM32F4-Discovery/stm32f4_discovery_audio.o
                0x08003074                BSP_AUDIO_OUT_Stop
 .text.HAL_I2S_TxCpltCallback
                0x080030c4       0x24 ./Drivers/BSP/STM32F4-Discovery/stm32f4_discovery_audio.o
                0x080030c4                HAL_I2S_TxCpltCallback
 .text.HAL_I2S_TxHalfCpltCallback
                0x080030e8       0x24 ./Drivers/BSP/STM32F4-Discovery/stm32f4_discovery_audio.o
                0x080030e8                HAL_I2S_TxHalfCpltCallback
 .text.BSP_AUDIO_OUT_ClockConfig
                0x0800310c       0xb4 ./Drivers/BSP/STM32F4-Discovery/stm32f4_discovery_audio.o
                0x0800310c                BSP_AUDIO_OUT_ClockConfig
 .text.BSP_AUDIO_OUT_MspInit
                0x080031c0      0x180 ./Drivers/BSP/STM32F4-Discovery/stm32f4_discovery_audio.o
                0x080031c0                BSP_AUDIO_OUT_MspInit
 .text.I2S3_Init
                0x08003340       0x70 ./Drivers/BSP/STM32F4-Discovery/stm32f4_discovery_audio.o
 .text.BSP_AUDIO_IN_Init
                0x080033b0       0x54 ./Drivers/BSP/STM32F4-Discovery/stm32f4_discovery_audio.o
                0x080033b0                BSP_AUDIO_IN_Init
 .text.BSP_AUDIO_IN_Record
                0x08003404       0x30 ./Drivers/BSP/STM32F4-Discovery/stm32f4_discovery_audio.o
                0x08003404                BSP_AUDIO_IN_Record
 .text.BSP_AUDIO_IN_Stop
                0x08003434       0x24 ./Drivers/BSP/STM32F4-Discovery/stm32f4_discovery_audio.o
                0x08003434                BSP_AUDIO_IN_Stop
 .text.BSP_AUDIO_IN_PDMToPCM
                0x08003458       0xe8 ./Drivers/BSP/STM32F4-Discovery/stm32f4_discovery_audio.o
                0x08003458                BSP_AUDIO_IN_PDMToPCM
 .text.HAL_I2S_RxCpltCallback
                0x08003540       0x14 ./Drivers/BSP/STM32F4-Discovery/stm32f4_discovery_audio.o
                0x08003540                HAL_I2S_RxCpltCallback
 .text.HAL_I2S_RxHalfCpltCallback
                0x08003554       0x14 ./Drivers/BSP/STM32F4-Discovery/stm32f4_discovery_audio.o
                0x08003554                HAL_I2S_RxHalfCpltCallback
 .text.BSP_AUDIO_IN_ClockConfig
                0x08003568       0x58 ./Drivers/BSP/STM32F4-Discovery/stm32f4_discovery_audio.o
                0x08003568                BSP_AUDIO_IN_ClockConfig
 .text.BSP_AUDIO_IN_MspInit
                0x080035c0      0x15c ./Drivers/BSP/STM32F4-Discovery/stm32f4_discovery_audio.o
                0x080035c0                BSP_AUDIO_IN_MspInit
 .text.BSP_AUDIO_IN_Error_Callback
                0x0800371c        0xe ./Drivers/BSP/STM32F4-Discovery/stm32f4_discovery_audio.o
                0x0800371c                BSP_AUDIO_IN_Error_Callback
 *fill*         0x0800372a        0x2 
 .text.PDMDecoder_Init
                0x0800372c      0x138 ./Drivers/BSP/STM32F4-Discovery/stm32f4_discovery_audio.o
 .text.I2S2_Init
                0x08003864       0x70 ./Drivers/BSP/STM32F4-Discovery/stm32f4_discovery_audio.o
 .text.HAL_I2S_ErrorCallback
                0x080038d4       0x34 ./Drivers/BSP/STM32F4-Discovery/stm32f4_discovery_audio.o
                0x080038d4                HAL_I2S_ErrorCallback
 .text.SystemInit
                0x08003908       0x6c ./Drivers/CMSIS/system_stm32f4xx.o
                0x08003908                SystemInit
 .text.HAL_Init
                0x08003974       0x38 ./Drivers/STM32F4xx_HAL_Drivers/stm32f4xx_hal.o
                0x08003974                HAL_Init
 .text.HAL_MspInit
                0x080039ac        0xe ./Drivers/STM32F4xx_HAL_Drivers/stm32f4xx_hal.o
                0x080039ac                HAL_MspInit
 *fill*         0x080039ba        0x2 
 .text.HAL_InitTick
                0x080039bc       0x60 ./Drivers/STM32F4xx_HAL_Drivers/stm32f4xx_hal.o
                0x080039bc                HAL_InitTick
 .text.HAL_IncTick
                0x08003a1c       0x28 ./Drivers/STM32F4xx_HAL_Drivers/stm32f4xx_hal.o
                0x08003a1c                HAL_IncTick
 .text.HAL_GetTick
                0x08003a44       0x18 ./Drivers/STM32F4xx_HAL_Drivers/stm32f4xx_hal.o
                0x08003a44                HAL_GetTick
 .text.HAL_Delay
                0x08003a5c       0x48 ./Drivers/STM32F4xx_HAL_Drivers/stm32f4xx_hal.o
                0x08003a5c                HAL_Delay
 .text.HAL_GetREVID
                0x08003aa4       0x18 ./Drivers/STM32F4xx_HAL_Drivers/stm32f4xx_hal.o
                0x08003aa4                HAL_GetREVID
 .text.__NVIC_SetPriorityGrouping
                0x08003abc       0x48 ./Drivers/STM32F4xx_HAL_Drivers/stm32f4xx_hal_cortex.o
 .text.__NVIC_GetPriorityGrouping
                0x08003b04       0x1c ./Drivers/STM32F4xx_HAL_Drivers/stm32f4xx_hal_cortex.o
 .text.__NVIC_EnableIRQ
                0x08003b20       0x3c ./Drivers/STM32F4xx_HAL_Drivers/stm32f4xx_hal_cortex.o
 .text.__NVIC_SetPriority
                0x08003b5c       0x54 ./Drivers/STM32F4xx_HAL_Drivers/stm32f4xx_hal_cortex.o
 .text.NVIC_EncodePriority
                0x08003bb0       0x66 ./Drivers/STM32F4xx_HAL_Drivers/stm32f4xx_hal_cortex.o
 *fill*         0x08003c16        0x2 
 .text.SysTick_Config
                0x08003c18       0x44 ./Drivers/STM32F4xx_HAL_Drivers/stm32f4xx_hal_cortex.o
 .text.HAL_NVIC_SetPriorityGrouping
                0x08003c5c       0x16 ./Drivers/STM32F4xx_HAL_Drivers/stm32f4xx_hal_cortex.o
                0x08003c5c                HAL_NVIC_SetPriorityGrouping
 .text.HAL_NVIC_SetPriority
                0x08003c72       0x38 ./Drivers/STM32F4xx_HAL_Drivers/stm32f4xx_hal_cortex.o
                0x08003c72                HAL_NVIC_SetPriority
 .text.HAL_NVIC_EnableIRQ
                0x08003caa       0x1c ./Drivers/STM32F4xx_HAL_Drivers/stm32f4xx_hal_cortex.o
                0x08003caa                HAL_NVIC_EnableIRQ
 .text.HAL_SYSTICK_Config
                0x08003cc6       0x18 ./Drivers/STM32F4xx_HAL_Drivers/stm32f4xx_hal_cortex.o
                0x08003cc6                HAL_SYSTICK_Config
 *fill*         0x08003cde        0x2 
 .text.HAL_DMA_Init
                0x08003ce0      0x15c ./Drivers/STM32F4xx_HAL_Drivers/stm32f4xx_hal_dma.o
                0x08003ce0                HAL_DMA_Init
 .text.HAL_DMA_DeInit
                0x08003e3c       0xbc ./Drivers/STM32F4xx_HAL_Drivers/stm32f4xx_hal_dma.o
                0x08003e3c                HAL_DMA_DeInit
 .text.HAL_DMA_Start_IT
                0x08003ef8       0xb0 ./Drivers/STM32F4xx_HAL_Drivers/stm32f4xx_hal_dma.o
                0x08003ef8                HAL_DMA_Start_IT
 .text.HAL_DMA_Abort
                0x08003fa8       0xe0 ./Drivers/STM32F4xx_HAL_Drivers/stm32f4xx_hal_dma.o
                0x08003fa8                HAL_DMA_Abort
 .text.HAL_DMA_IRQHandler
                0x08004088      0x314 ./Drivers/STM32F4xx_HAL_Drivers/stm32f4xx_hal_dma.o
                0x08004088                HAL_DMA_IRQHandler
 .text.DMA_SetConfig
                0x0800439c       0x5c ./Drivers/STM32F4xx_HAL_Drivers/stm32f4xx_hal_dma.o
 .text.DMA_CalcBaseAndBitshift
                0x080043f8       0x6c ./Drivers/STM32F4xx_HAL_Drivers/stm32f4xx_hal_dma.o
 .text.DMA_CheckFifoParam
                0x08004464       0xf8 ./Drivers/STM32F4xx_HAL_Drivers/stm32f4xx_hal_dma.o
 .text.HAL_GPIO_Init
                0x0800455c      0x338 ./Drivers/STM32F4xx_HAL_Drivers/stm32f4xx_hal_gpio.o
                0x0800455c                HAL_GPIO_Init
 .text.HAL_GPIO_WritePin
                0x08004894       0x32 ./Drivers/STM32F4xx_HAL_Drivers/stm32f4xx_hal_gpio.o
                0x08004894                HAL_GPIO_WritePin
 .text.HAL_GPIO_TogglePin
                0x080048c6       0x34 ./Drivers/STM32F4xx_HAL_Drivers/stm32f4xx_hal_gpio.o
                0x080048c6                HAL_GPIO_TogglePin
 *fill*         0x080048fa        0x2 
 .text.HAL_GPIO_EXTI_IRQHandler
                0x080048fc       0x30 ./Drivers/STM32F4xx_HAL_Drivers/stm32f4xx_hal_gpio.o
                0x080048fc                HAL_GPIO_EXTI_IRQHandler
 .text.HAL_HCD_Init
                0x0800492c       0xce ./Drivers/STM32F4xx_HAL_Drivers/stm32f4xx_hal_hcd.o
                0x0800492c                HAL_HCD_Init
 .text.HAL_HCD_HC_Init
                0x080049fa      0x170 ./Drivers/STM32F4xx_HAL_Drivers/stm32f4xx_hal_hcd.o
                0x080049fa                HAL_HCD_HC_Init
 .text.HAL_HCD_HC_Halt
                0x08004b6a       0x46 ./Drivers/STM32F4xx_HAL_Drivers/stm32f4xx_hal_hcd.o
                0x08004b6a                HAL_HCD_HC_Halt
 .text.HAL_HCD_HC_SubmitRequest
                0x08004bb0      0x33c ./Drivers/STM32F4xx_HAL_Drivers/stm32f4xx_hal_hcd.o
                0x08004bb0                HAL_HCD_HC_SubmitRequest
 .text.HAL_HCD_IRQHandler
                0x08004eec      0x220 ./Drivers/STM32F4xx_HAL_Drivers/stm32f4xx_hal_hcd.o
                0x08004eec                HAL_HCD_IRQHandler
 .text.HAL_HCD_Start
                0x0800510c       0x46 ./Drivers/STM32F4xx_HAL_Drivers/stm32f4xx_hal_hcd.o
                0x0800510c                HAL_HCD_Start
 .text.HAL_HCD_Stop
                0x08005152       0x3a ./Drivers/STM32F4xx_HAL_Drivers/stm32f4xx_hal_hcd.o
                0x08005152                HAL_HCD_Stop
 .text.HAL_HCD_ResetPort
                0x0800518c       0x1c ./Drivers/STM32F4xx_HAL_Drivers/stm32f4xx_hal_hcd.o
                0x0800518c                HAL_HCD_ResetPort
 .text.HAL_HCD_HC_GetURBState
                0x080051a8       0x2a ./Drivers/STM32F4xx_HAL_Drivers/stm32f4xx_hal_hcd.o
                0x080051a8                HAL_HCD_HC_GetURBState
 .text.HAL_HCD_HC_GetXferCount
                0x080051d2       0x2a ./Drivers/STM32F4xx_HAL_Drivers/stm32f4xx_hal_hcd.o
                0x080051d2                HAL_HCD_HC_GetXferCount
 .text.HAL_HCD_GetCurrentFrame
                0x080051fc       0x1c ./Drivers/STM32F4xx_HAL_Drivers/stm32f4xx_hal_hcd.o
                0x080051fc                HAL_HCD_GetCurrentFrame
 .text.HAL_HCD_GetCurrentSpeed
                0x08005218       0x1c ./Drivers/STM32F4xx_HAL_Drivers/stm32f4xx_hal_hcd.o
                0x08005218                HAL_HCD_GetCurrentSpeed
 .text.HAL_HCD_HC_ClearHubInfo
                0x08005234       0x6a ./Drivers/STM32F4xx_HAL_Drivers/stm32f4xx_hal_hcd.o
                0x08005234                HAL_HCD_HC_ClearHubInfo
 .text.HCD_HC_IN_IRQHandler
                0x0800529e      0xcd2 ./Drivers/STM32F4xx_HAL_Drivers/stm32f4xx_hal_hcd.o
 .text.HCD_HC_OUT_IRQHandler
                0x08005f70      0x97e ./Drivers/STM32F4xx_HAL_Drivers/stm32f4xx_hal_hcd.o
 .text.HCD_RXQLVL_IRQHandler
                0x080068ee      0x1be ./Drivers/STM32F4xx_HAL_Drivers/stm32f4xx_hal_hcd.o
 .text.HCD_Port_IRQHandler
                0x08006aac       0xe6 ./Drivers/STM32F4xx_HAL_Drivers/stm32f4xx_hal_hcd.o
 *fill*         0x08006b92        0x2 
 .text.HAL_I2C_Init
                0x08006b94      0x288 ./Drivers/STM32F4xx_HAL_Drivers/stm32f4xx_hal_i2c.o
                0x08006b94                HAL_I2C_Init
 .text.HAL_I2C_DeInit
                0x08006e1c       0x5e ./Drivers/STM32F4xx_HAL_Drivers/stm32f4xx_hal_i2c.o
                0x08006e1c                HAL_I2C_DeInit
 .text.HAL_I2C_MspInit
                0x08006e7a       0x14 ./Drivers/STM32F4xx_HAL_Drivers/stm32f4xx_hal_i2c.o
                0x08006e7a                HAL_I2C_MspInit
 .text.HAL_I2C_MspDeInit
                0x08006e8e       0x14 ./Drivers/STM32F4xx_HAL_Drivers/stm32f4xx_hal_i2c.o
                0x08006e8e                HAL_I2C_MspDeInit
 *fill*         0x08006ea2        0x2 
 .text.HAL_I2C_Mem_Write
                0x08006ea4      0x1f4 ./Drivers/STM32F4xx_HAL_Drivers/stm32f4xx_hal_i2c.o
                0x08006ea4                HAL_I2C_Mem_Write
 .text.HAL_I2C_Mem_Read
                0x08007098      0x464 ./Drivers/STM32F4xx_HAL_Drivers/stm32f4xx_hal_i2c.o
                0x08007098                HAL_I2C_Mem_Read
 .text.HAL_I2C_GetState
                0x080074fc       0x1c ./Drivers/STM32F4xx_HAL_Drivers/stm32f4xx_hal_i2c.o
                0x080074fc                HAL_I2C_GetState
 .text.I2C_RequestMemoryWrite
                0x08007518      0x12c ./Drivers/STM32F4xx_HAL_Drivers/stm32f4xx_hal_i2c.o
 .text.I2C_RequestMemoryRead
                0x08007644      0x1d0 ./Drivers/STM32F4xx_HAL_Drivers/stm32f4xx_hal_i2c.o
 .text.I2C_WaitOnFlagUntilTimeout
                0x08007814       0xf4 ./Drivers/STM32F4xx_HAL_Drivers/stm32f4xx_hal_i2c.o
 .text.I2C_WaitOnMasterAddressFlagUntilTimeout
                0x08007908      0x140 ./Drivers/STM32F4xx_HAL_Drivers/stm32f4xx_hal_i2c.o
 .text.I2C_WaitOnTXEFlagUntilTimeout
                0x08007a48       0x90 ./Drivers/STM32F4xx_HAL_Drivers/stm32f4xx_hal_i2c.o
 .text.I2C_WaitOnBTFFlagUntilTimeout
                0x08007ad8       0x90 ./Drivers/STM32F4xx_HAL_Drivers/stm32f4xx_hal_i2c.o
 .text.I2C_WaitOnRXNEFlagUntilTimeout
                0x08007b68       0xba ./Drivers/STM32F4xx_HAL_Drivers/stm32f4xx_hal_i2c.o
 .text.I2C_IsAcknowledgeFailed
                0x08007c22       0x5e ./Drivers/STM32F4xx_HAL_Drivers/stm32f4xx_hal_i2c.o
 .text.HAL_I2S_Init
                0x08007c80      0x280 ./Drivers/STM32F4xx_HAL_Drivers/stm32f4xx_hal_i2s.o
                0x08007c80                HAL_I2S_Init
 .text.HAL_I2S_MspInit
                0x08007f00       0x14 ./Drivers/STM32F4xx_HAL_Drivers/stm32f4xx_hal_i2s.o
                0x08007f00                HAL_I2S_MspInit
 .text.HAL_I2S_Transmit_DMA
                0x08007f14      0x148 ./Drivers/STM32F4xx_HAL_Drivers/stm32f4xx_hal_i2s.o
                0x08007f14                HAL_I2S_Transmit_DMA
 .text.HAL_I2S_Receive_DMA
                0x0800805c      0x170 ./Drivers/STM32F4xx_HAL_Drivers/stm32f4xx_hal_i2s.o
                0x0800805c                HAL_I2S_Receive_DMA
 .text.HAL_I2S_DMAPause
                0x080081cc       0xc4 ./Drivers/STM32F4xx_HAL_Drivers/stm32f4xx_hal_i2s.o
                0x080081cc                HAL_I2S_DMAPause
 .text.HAL_I2S_DMAResume
                0x08008290      0x128 ./Drivers/STM32F4xx_HAL_Drivers/stm32f4xx_hal_i2s.o
                0x08008290                HAL_I2S_DMAResume
 .text.HAL_I2S_DMAStop
                0x080083b8      0x3b4 ./Drivers/STM32F4xx_HAL_Drivers/stm32f4xx_hal_i2s.o
                0x080083b8                HAL_I2S_DMAStop
 .text.HAL_I2S_GetState
                0x0800876c       0x1c ./Drivers/STM32F4xx_HAL_Drivers/stm32f4xx_hal_i2s.o
                0x0800876c                HAL_I2S_GetState
 .text.I2S_DMATxCplt
                0x08008788       0x42 ./Drivers/STM32F4xx_HAL_Drivers/stm32f4xx_hal_i2s.o
 .text.I2S_DMATxHalfCplt
                0x080087ca       0x1c ./Drivers/STM32F4xx_HAL_Drivers/stm32f4xx_hal_i2s.o
 .text.I2S_DMARxCplt
                0x080087e6       0x42 ./Drivers/STM32F4xx_HAL_Drivers/stm32f4xx_hal_i2s.o
 .text.I2S_DMARxHalfCplt
                0x08008828       0x1c ./Drivers/STM32F4xx_HAL_Drivers/stm32f4xx_hal_i2s.o
 .text.I2S_DMAError
                0x08008844       0x4c ./Drivers/STM32F4xx_HAL_Drivers/stm32f4xx_hal_i2s.o
 .text.I2S_Transmit_IT
                0x08008890       0x5c ./Drivers/STM32F4xx_HAL_Drivers/stm32f4xx_hal_i2s.o
 .text.I2S_Receive_IT
                0x080088ec       0x5e ./Drivers/STM32F4xx_HAL_Drivers/stm32f4xx_hal_i2s.o
 .text.I2S_IRQHandler
                0x0800894a      0x114 ./Drivers/STM32F4xx_HAL_Drivers/stm32f4xx_hal_i2s.o
 .text.I2S_WaitFlagStateUntilTimeout
                0x08008a5e       0x72 ./Drivers/STM32F4xx_HAL_Drivers/stm32f4xx_hal_i2s.o
 .text.HAL_I2SEx_FullDuplex_IRQHandler
                0x08008ad0      0x2a8 ./Drivers/STM32F4xx_HAL_Drivers/stm32f4xx_hal_i2s_ex.o
                0x08008ad0                HAL_I2SEx_FullDuplex_IRQHandler
 .text.HAL_I2SEx_TxRxCpltCallback
                0x08008d78       0x14 ./Drivers/STM32F4xx_HAL_Drivers/stm32f4xx_hal_i2s_ex.o
                0x08008d78                HAL_I2SEx_TxRxCpltCallback
 .text.I2SEx_TxISR_I2S
                0x08008d8c       0x62 ./Drivers/STM32F4xx_HAL_Drivers/stm32f4xx_hal_i2s_ex.o
 *fill*         0x08008dee        0x2 
 .text.I2SEx_TxISR_I2SExt
                0x08008df0       0x98 ./Drivers/STM32F4xx_HAL_Drivers/stm32f4xx_hal_i2s_ex.o
 .text.I2SEx_RxISR_I2S
                0x08008e88       0x64 ./Drivers/STM32F4xx_HAL_Drivers/stm32f4xx_hal_i2s_ex.o
 .text.I2SEx_RxISR_I2SExt
                0x08008eec       0x98 ./Drivers/STM32F4xx_HAL_Drivers/stm32f4xx_hal_i2s_ex.o
 .text.HAL_RCC_OscConfig
                0x08008f84      0x4f0 ./Drivers/STM32F4xx_HAL_Drivers/stm32f4xx_hal_rcc.o
                0x08008f84                HAL_RCC_OscConfig
 .text.HAL_RCC_ClockConfig
                0x08009474      0x1cc ./Drivers/STM32F4xx_HAL_Drivers/stm32f4xx_hal_rcc.o
                0x08009474                HAL_RCC_ClockConfig
 .text.HAL_RCC_GetSysClockFreq
                0x08009640      0x20c ./Drivers/STM32F4xx_HAL_Drivers/stm32f4xx_hal_rcc.o
                0x08009640                HAL_RCC_GetSysClockFreq
 .text.HAL_RCC_GetHCLKFreq
                0x0800984c       0x18 ./Drivers/STM32F4xx_HAL_Drivers/stm32f4xx_hal_rcc.o
                0x0800984c                HAL_RCC_GetHCLKFreq
 .text.HAL_RCC_GetPCLK1Freq
                0x08009864       0x28 ./Drivers/STM32F4xx_HAL_Drivers/stm32f4xx_hal_rcc.o
                0x08009864                HAL_RCC_GetPCLK1Freq
 .text.HAL_RCCEx_PeriphCLKConfig
                0x0800988c      0x1c4 ./Drivers/STM32F4xx_HAL_Drivers/stm32f4xx_hal_rcc_ex.o
                0x0800988c                HAL_RCCEx_PeriphCLKConfig
 .text.HAL_RCCEx_GetPeriphCLKConfig
                0x08009a50       0x58 ./Drivers/STM32F4xx_HAL_Drivers/stm32f4xx_hal_rcc_ex.o
                0x08009a50                HAL_RCCEx_GetPeriphCLKConfig
 .text.HAL_RCCEx_GetPeriphCLKFreq
                0x08009aa8       0xc0 ./Drivers/STM32F4xx_HAL_Drivers/stm32f4xx_hal_rcc_ex.o
                0x08009aa8                HAL_RCCEx_GetPeriphCLKFreq
 .text.HAL_SPI_Init
                0x08009b68      0x122 ./Drivers/STM32F4xx_HAL_Drivers/stm32f4xx_hal_spi.o
                0x08009b68                HAL_SPI_Init
 .text.HAL_SPI_DeInit
                0x08009c8a       0x50 ./Drivers/STM32F4xx_HAL_Drivers/stm32f4xx_hal_spi.o
                0x08009c8a                HAL_SPI_DeInit
 .text.HAL_SPI_MspInit
                0x08009cda       0x14 ./Drivers/STM32F4xx_HAL_Drivers/stm32f4xx_hal_spi.o
                0x08009cda                HAL_SPI_MspInit
 .text.HAL_SPI_MspDeInit
                0x08009cee       0x14 ./Drivers/STM32F4xx_HAL_Drivers/stm32f4xx_hal_spi.o
                0x08009cee                HAL_SPI_MspDeInit
 .text.HAL_SPI_TransmitReceive
                0x08009d02      0x496 ./Drivers/STM32F4xx_HAL_Drivers/stm32f4xx_hal_spi.o
                0x08009d02                HAL_SPI_TransmitReceive
 .text.HAL_SPI_GetState
                0x0800a198       0x1c ./Drivers/STM32F4xx_HAL_Drivers/stm32f4xx_hal_spi.o
                0x0800a198                HAL_SPI_GetState
 .text.SPI_WaitFlagStateUntilTimeout
                0x0800a1b4      0x110 ./Drivers/STM32F4xx_HAL_Drivers/stm32f4xx_hal_spi.o
 .text.SPI_EndRxTxTransaction
                0x0800a2c4       0xa8 ./Drivers/STM32F4xx_HAL_Drivers/stm32f4xx_hal_spi.o
 .text.HAL_TIM_OC_Init
                0x0800a36c       0x9e ./Drivers/STM32F4xx_HAL_Drivers/stm32f4xx_hal_tim.o
                0x0800a36c                HAL_TIM_OC_Init
 .text.HAL_TIM_OC_MspInit
                0x0800a40a       0x14 ./Drivers/STM32F4xx_HAL_Drivers/stm32f4xx_hal_tim.o
                0x0800a40a                HAL_TIM_OC_MspInit
 *fill*         0x0800a41e        0x2 
 .text.HAL_TIM_OC_Start_IT
                0x0800a420      0x22c ./Drivers/STM32F4xx_HAL_Drivers/stm32f4xx_hal_tim.o
                0x0800a420                HAL_TIM_OC_Start_IT
 .text.HAL_TIM_IRQHandler
                0x0800a64c      0x1e0 ./Drivers/STM32F4xx_HAL_Drivers/stm32f4xx_hal_tim.o
                0x0800a64c                HAL_TIM_IRQHandler
 .text.HAL_TIM_OC_ConfigChannel
                0x0800a82c       0xb8 ./Drivers/STM32F4xx_HAL_Drivers/stm32f4xx_hal_tim.o
                0x0800a82c                HAL_TIM_OC_ConfigChannel
 .text.HAL_TIM_ReadCapturedValue
                0x0800a8e4       0x88 ./Drivers/STM32F4xx_HAL_Drivers/stm32f4xx_hal_tim.o
                0x0800a8e4                HAL_TIM_ReadCapturedValue
 .text.HAL_TIM_PeriodElapsedCallback
                0x0800a96c       0x14 ./Drivers/STM32F4xx_HAL_Drivers/stm32f4xx_hal_tim.o
                0x0800a96c                HAL_TIM_PeriodElapsedCallback
 .text.HAL_TIM_IC_CaptureCallback
                0x0800a980       0x14 ./Drivers/STM32F4xx_HAL_Drivers/stm32f4xx_hal_tim.o
                0x0800a980                HAL_TIM_IC_CaptureCallback
 .text.HAL_TIM_PWM_PulseFinishedCallback
                0x0800a994       0x14 ./Drivers/STM32F4xx_HAL_Drivers/stm32f4xx_hal_tim.o
                0x0800a994                HAL_TIM_PWM_PulseFinishedCallback
 .text.HAL_TIM_TriggerCallback
                0x0800a9a8       0x14 ./Drivers/STM32F4xx_HAL_Drivers/stm32f4xx_hal_tim.o
                0x0800a9a8                HAL_TIM_TriggerCallback
 .text.TIM_Base_SetConfig
                0x0800a9bc      0x158 ./Drivers/STM32F4xx_HAL_Drivers/stm32f4xx_hal_tim.o
                0x0800a9bc                TIM_Base_SetConfig
 .text.TIM_OC1_SetConfig
                0x0800ab14       0xe0 ./Drivers/STM32F4xx_HAL_Drivers/stm32f4xx_hal_tim.o
 .text.TIM_OC2_SetConfig
                0x0800abf4       0xec ./Drivers/STM32F4xx_HAL_Drivers/stm32f4xx_hal_tim.o
                0x0800abf4                TIM_OC2_SetConfig
 .text.TIM_OC3_SetConfig
                0x0800ace0       0xe8 ./Drivers/STM32F4xx_HAL_Drivers/stm32f4xx_hal_tim.o
 .text.TIM_OC4_SetConfig
                0x0800adc8       0xac ./Drivers/STM32F4xx_HAL_Drivers/stm32f4xx_hal_tim.o
 .text.TIM_CCxChannelCmd
                0x0800ae74       0x4a ./Drivers/STM32F4xx_HAL_Drivers/stm32f4xx_hal_tim.o
                0x0800ae74                TIM_CCxChannelCmd
 .text.HAL_TIMEx_CommutCallback
                0x0800aebe       0x14 ./Drivers/STM32F4xx_HAL_Drivers/stm32f4xx_hal_tim_ex.o
                0x0800aebe                HAL_TIMEx_CommutCallback
 .text.HAL_TIMEx_BreakCallback
                0x0800aed2       0x14 ./Drivers/STM32F4xx_HAL_Drivers/stm32f4xx_hal_tim_ex.o
                0x0800aed2                HAL_TIMEx_BreakCallback
 .text.USB_CoreInit
                0x0800aee6       0xc8 ./Drivers/STM32F4xx_HAL_Drivers/stm32f4xx_ll_usb.o
                0x0800aee6                USB_CoreInit
 .text.USB_EnableGlobalInt
                0x0800afae       0x22 ./Drivers/STM32F4xx_HAL_Drivers/stm32f4xx_ll_usb.o
                0x0800afae                USB_EnableGlobalInt
 .text.USB_DisableGlobalInt
                0x0800afd0       0x22 ./Drivers/STM32F4xx_HAL_Drivers/stm32f4xx_ll_usb.o
                0x0800afd0                USB_DisableGlobalInt
 .text.USB_SetCurrentMode
                0x0800aff2       0x98 ./Drivers/STM32F4xx_HAL_Drivers/stm32f4xx_ll_usb.o
                0x0800aff2                USB_SetCurrentMode
 .text.USB_FlushTxFifo
                0x0800b08a       0x64 ./Drivers/STM32F4xx_HAL_Drivers/stm32f4xx_ll_usb.o
                0x0800b08a                USB_FlushTxFifo
 .text.USB_FlushRxFifo
                0x0800b0ee       0x5c ./Drivers/STM32F4xx_HAL_Drivers/stm32f4xx_ll_usb.o
                0x0800b0ee                USB_FlushRxFifo
 .text.USB_WritePacket
                0x0800b14a       0x7c ./Drivers/STM32F4xx_HAL_Drivers/stm32f4xx_ll_usb.o
                0x0800b14a                USB_WritePacket
 .text.USB_ReadPacket
                0x0800b1c6       0xb0 ./Drivers/STM32F4xx_HAL_Drivers/stm32f4xx_ll_usb.o
                0x0800b1c6                USB_ReadPacket
 .text.USB_ReadInterrupts
                0x0800b276       0x26 ./Drivers/STM32F4xx_HAL_Drivers/stm32f4xx_ll_usb.o
                0x0800b276                USB_ReadInterrupts
 .text.USB_ReadChInterrupts
                0x0800b29c       0x42 ./Drivers/STM32F4xx_HAL_Drivers/stm32f4xx_ll_usb.o
                0x0800b29c                USB_ReadChInterrupts
 .text.USB_GetMode
                0x0800b2de       0x1c ./Drivers/STM32F4xx_HAL_Drivers/stm32f4xx_ll_usb.o
                0x0800b2de                USB_GetMode
 .text.USB_CoreReset
                0x0800b2fa       0x62 ./Drivers/STM32F4xx_HAL_Drivers/stm32f4xx_ll_usb.o
 .text.USB_HostInit
                0x0800b35c      0x188 ./Drivers/STM32F4xx_HAL_Drivers/stm32f4xx_ll_usb.o
                0x0800b35c                USB_HostInit
 .text.USB_InitFSLSPClkSel
                0x0800b4e4       0x7a ./Drivers/STM32F4xx_HAL_Drivers/stm32f4xx_ll_usb.o
                0x0800b4e4                USB_InitFSLSPClkSel
 .text.USB_ResetPort
                0x0800b55e       0x54 ./Drivers/STM32F4xx_HAL_Drivers/stm32f4xx_ll_usb.o
                0x0800b55e                USB_ResetPort
 .text.USB_DriveVbus
                0x0800b5b2       0x72 ./Drivers/STM32F4xx_HAL_Drivers/stm32f4xx_ll_usb.o
                0x0800b5b2                USB_DriveVbus
 .text.USB_GetHostSpeed
                0x0800b624       0x2e ./Drivers/STM32F4xx_HAL_Drivers/stm32f4xx_ll_usb.o
                0x0800b624                USB_GetHostSpeed
 .text.USB_GetCurrentFrame
                0x0800b652       0x22 ./Drivers/STM32F4xx_HAL_Drivers/stm32f4xx_ll_usb.o
                0x0800b652                USB_GetCurrentFrame
 .text.USB_HC_Init
                0x0800b674      0x258 ./Drivers/STM32F4xx_HAL_Drivers/stm32f4xx_ll_usb.o
                0x0800b674                USB_HC_Init
 .text.USB_HC_StartXfer
                0x0800b8cc      0x4f4 ./Drivers/STM32F4xx_HAL_Drivers/stm32f4xx_ll_usb.o
                0x0800b8cc                USB_HC_StartXfer
 .text.USB_HC_ReadInterrupt
                0x0800bdc0       0x22 ./Drivers/STM32F4xx_HAL_Drivers/stm32f4xx_ll_usb.o
                0x0800bdc0                USB_HC_ReadInterrupt
 .text.USB_HC_Halt
                0x0800bde2      0x240 ./Drivers/STM32F4xx_HAL_Drivers/stm32f4xx_ll_usb.o
                0x0800bde2                USB_HC_Halt
 *fill*         0x0800c022        0x2 
 .text.USB_DoPing
                0x0800c024       0x78 ./Drivers/STM32F4xx_HAL_Drivers/stm32f4xx_ll_usb.o
                0x0800c024                USB_DoPing
 .text.USB_StopHost
                0x0800c09c      0x124 ./Drivers/STM32F4xx_HAL_Drivers/stm32f4xx_ll_usb.o
                0x0800c09c                USB_StopHost
 .text.disk_status
                0x0800c1c0       0x34 ./Middlewares/FatFs/Core/diskio.o
                0x0800c1c0                disk_status
 .text.disk_initialize
                0x0800c1f4       0x50 ./Middlewares/FatFs/Core/diskio.o
                0x0800c1f4                disk_initialize
 .text.disk_read
                0x0800c244       0x40 ./Middlewares/FatFs/Core/diskio.o
                0x0800c244                disk_read
 .text.disk_write
                0x0800c284       0x40 ./Middlewares/FatFs/Core/diskio.o
                0x0800c284                disk_write
 .text.disk_ioctl
                0x0800c2c4       0x3c ./Middlewares/FatFs/Core/diskio.o
                0x0800c2c4                disk_ioctl
 .text.get_fattime
                0x0800c300       0x10 ./Middlewares/FatFs/Core/diskio.o
                0x0800c300                get_fattime
 .text.ld_word  0x0800c310       0x32 ./Middlewares/FatFs/Core/ff.o
 .text.ld_dword
                0x0800c342       0x46 ./Middlewares/FatFs/Core/ff.o
 .text.st_word  0x0800c388       0x36 ./Middlewares/FatFs/Core/ff.o
 .text.st_dword
                0x0800c3be       0x58 ./Middlewares/FatFs/Core/ff.o
 .text.mem_cpy  0x0800c416       0x42 ./Middlewares/FatFs/Core/ff.o
 .text.mem_set  0x0800c458       0x36 ./Middlewares/FatFs/Core/ff.o
 .text.mem_cmp  0x0800c48e       0x4e ./Middlewares/FatFs/Core/ff.o
 .text.chk_chr  0x0800c4dc       0x36 ./Middlewares/FatFs/Core/ff.o
 *fill*         0x0800c512        0x2 
 .text.chk_lock
                0x0800c514       0xb8 ./Middlewares/FatFs/Core/ff.o
 .text.enq_lock
                0x0800c5cc       0x44 ./Middlewares/FatFs/Core/ff.o
 .text.inc_lock
                0x0800c610      0x11c ./Middlewares/FatFs/Core/ff.o
 .text.dec_lock
                0x0800c72c       0x78 ./Middlewares/FatFs/Core/ff.o
 .text.clear_lock
                0x0800c7a4       0x48 ./Middlewares/FatFs/Core/ff.o
 .text.sync_window
                0x0800c7ec       0x88 ./Middlewares/FatFs/Core/ff.o
 .text.move_window
                0x0800c874       0x5a ./Middlewares/FatFs/Core/ff.o
 *fill*         0x0800c8ce        0x2 
 .text.sync_fs  0x0800c8d0       0xdc ./Middlewares/FatFs/Core/ff.o
 .text.clust2sect
                0x0800c9ac       0x3e ./Middlewares/FatFs/Core/ff.o
 .text.get_fat  0x0800c9ea      0x14e ./Middlewares/FatFs/Core/ff.o
 .text.put_fat  0x0800cb38      0x1d4 ./Middlewares/FatFs/Core/ff.o
 .text.remove_chain
                0x0800cd0c       0xca ./Middlewares/FatFs/Core/ff.o
 .text.create_chain
                0x0800cdd6      0x130 ./Middlewares/FatFs/Core/ff.o
 .text.clmt_clust
                0x0800cf06       0x68 ./Middlewares/FatFs/Core/ff.o
 .text.dir_sdi  0x0800cf6e       0xf6 ./Middlewares/FatFs/Core/ff.o
 .text.dir_next
                0x0800d064      0x18a ./Middlewares/FatFs/Core/ff.o
 .text.dir_alloc
                0x0800d1ee       0x8e ./Middlewares/FatFs/Core/ff.o
 .text.ld_clust
                0x0800d27c       0x3e ./Middlewares/FatFs/Core/ff.o
 .text.st_clust
                0x0800d2ba       0x40 ./Middlewares/FatFs/Core/ff.o
 *fill*         0x0800d2fa        0x2 
 .text.cmp_lfn  0x0800d2fc       0xe0 ./Middlewares/FatFs/Core/ff.o
 .text.pick_lfn
                0x0800d3dc       0xc8 ./Middlewares/FatFs/Core/ff.o
 .text.put_lfn  0x0800d4a4       0xd0 ./Middlewares/FatFs/Core/ff.o
 .text.gen_numname
                0x0800d574      0x11c ./Middlewares/FatFs/Core/ff.o
 .text.sum_sfn  0x0800d690       0x42 ./Middlewares/FatFs/Core/ff.o
 .text.dir_read
                0x0800d6d2      0x14e ./Middlewares/FatFs/Core/ff.o
 .text.dir_find
                0x0800d820      0x180 ./Middlewares/FatFs/Core/ff.o
 .text.dir_register
                0x0800d9a0      0x1f0 ./Middlewares/FatFs/Core/ff.o
 .text.dir_remove
                0x0800db90       0x94 ./Middlewares/FatFs/Core/ff.o
 .text.create_name
                0x0800dc24      0x370 ./Middlewares/FatFs/Core/ff.o
 .text.follow_path
                0x0800df94       0xe2 ./Middlewares/FatFs/Core/ff.o
 .text.get_ldnumber
                0x0800e076       0x88 ./Middlewares/FatFs/Core/ff.o
 *fill*         0x0800e0fe        0x2 
 .text.check_fs
                0x0800e100       0xac ./Middlewares/FatFs/Core/ff.o
 .text.find_volume
                0x0800e1ac      0x498 ./Middlewares/FatFs/Core/ff.o
 .text.validate
                0x0800e644       0x6a ./Middlewares/FatFs/Core/ff.o
 *fill*         0x0800e6ae        0x2 
 .text.f_mount  0x0800e6b0       0x8c ./Middlewares/FatFs/Core/ff.o
                0x0800e6b0                f_mount
 .text.f_open   0x0800e73c      0x394 ./Middlewares/FatFs/Core/ff.o
                0x0800e73c                f_open
 .text.f_read   0x0800ead0      0x27e ./Middlewares/FatFs/Core/ff.o
                0x0800ead0                f_read
 .text.f_write  0x0800ed4e      0x2ea ./Middlewares/FatFs/Core/ff.o
                0x0800ed4e                f_write
 .text.f_sync   0x0800f038       0xfc ./Middlewares/FatFs/Core/ff.o
                0x0800f038                f_sync
 .text.f_close  0x0800f134       0x54 ./Middlewares/FatFs/Core/ff.o
                0x0800f134                f_close
 .text.f_lseek  0x0800f188      0x412 ./Middlewares/FatFs/Core/ff.o
                0x0800f188                f_lseek
 .text.f_opendir
                0x0800f59a      0x106 ./Middlewares/FatFs/Core/ff.o
                0x0800f59a                f_opendir
 .text.f_unlink
                0x0800f6a0      0x176 ./Middlewares/FatFs/Core/ff.o
                0x0800f6a0                f_unlink
 *fill*         0x0800f816        0x2 
 .text.FATFS_LinkDriverEx
                0x0800f818       0x98 ./Middlewares/FatFs/Core/ff_gen_drv.o
                0x0800f818                FATFS_LinkDriverEx
 .text.FATFS_LinkDriver
                0x0800f8b0       0x1e ./Middlewares/FatFs/Core/ff_gen_drv.o
                0x0800f8b0                FATFS_LinkDriver
 .text.USBH_initialize
                0x0800f8ce       0x18 ./Middlewares/FatFs/Drivers/usbh_diskio_dma.o
                0x0800f8ce                USBH_initialize
 *fill*         0x0800f8e6        0x2 
 .text.USBH_status
                0x0800f8e8       0x38 ./Middlewares/FatFs/Drivers/usbh_diskio_dma.o
                0x0800f8e8                USBH_status
 .text.USBH_read
                0x0800f920       0xf0 ./Middlewares/FatFs/Drivers/usbh_diskio_dma.o
                0x0800f920                USBH_read
 .text.USBH_write
                0x0800fa10       0xf4 ./Middlewares/FatFs/Drivers/usbh_diskio_dma.o
                0x0800fa10                USBH_write
 .text.USBH_ioctl
                0x0800fb04       0xd8 ./Middlewares/FatFs/Drivers/usbh_diskio_dma.o
                0x0800fb04                USBH_ioctl
 .text.ff_memalloc
                0x0800fbdc       0x18 ./Middlewares/FatFs/Options/syscall.o
                0x0800fbdc                ff_memalloc
 .text.ff_memfree
                0x0800fbf4       0x16 ./Middlewares/FatFs/Options/syscall.o
                0x0800fbf4                ff_memfree
 *fill*         0x0800fc0a        0x2 
 .text.ff_convert
                0x0800fc0c       0x78 ./Middlewares/FatFs/Options/unicode.o
                0x0800fc0c                ff_convert
 .text.ff_wtoupper
                0x0800fc84      0x114 ./Middlewares/FatFs/Options/unicode.o
                0x0800fc84                ff_wtoupper
 .text.USBH_MSC_InterfaceInit
                0x0800fd98      0x244 ./Middlewares/STM32_USBH_Library/Class/MSC/usbh_msc.o
 .text.USBH_MSC_InterfaceDeInit
                0x0800ffdc       0x8c ./Middlewares/STM32_USBH_Library/Class/MSC/usbh_msc.o
 .text.USBH_MSC_ClassRequest
                0x08010068       0xce ./Middlewares/STM32_USBH_Library/Class/MSC/usbh_msc.o
 *fill*         0x08010136        0x2 
 .text.USBH_MSC_Process
                0x08010138      0x5ac ./Middlewares/STM32_USBH_Library/Class/MSC/usbh_msc.o
 .text.USBH_MSC_SOFProcess
                0x080106e4       0x16 ./Middlewares/STM32_USBH_Library/Class/MSC/usbh_msc.o
 .text.USBH_MSC_RdWrProcess
                0x080106fa      0x1a0 ./Middlewares/STM32_USBH_Library/Class/MSC/usbh_msc.o
 .text.USBH_MSC_UnitIsReady
                0x0801089a       0x56 ./Middlewares/STM32_USBH_Library/Class/MSC/usbh_msc.o
                0x0801089a                USBH_MSC_UnitIsReady
 .text.USBH_MSC_GetLUNInfo
                0x080108f0       0x52 ./Middlewares/STM32_USBH_Library/Class/MSC/usbh_msc.o
                0x080108f0                USBH_MSC_GetLUNInfo
 .text.USBH_MSC_Read
                0x08010942       0xc0 ./Middlewares/STM32_USBH_Library/Class/MSC/usbh_msc.o
                0x08010942                USBH_MSC_Read
 .text.USBH_MSC_Write
                0x08010a02       0xc0 ./Middlewares/STM32_USBH_Library/Class/MSC/usbh_msc.o
                0x08010a02                USBH_MSC_Write
 .text.USBH_MSC_BOT_REQ_Reset
                0x08010ac2       0x3a ./Middlewares/STM32_USBH_Library/Class/MSC/usbh_msc_bot.o
                0x08010ac2                USBH_MSC_BOT_REQ_Reset
 .text.USBH_MSC_BOT_REQ_GetMaxLUN
                0x08010afc       0x3c ./Middlewares/STM32_USBH_Library/Class/MSC/usbh_msc_bot.o
                0x08010afc                USBH_MSC_BOT_REQ_GetMaxLUN
 .text.USBH_MSC_BOT_Init
                0x08010b38       0x44 ./Middlewares/STM32_USBH_Library/Class/MSC/usbh_msc_bot.o
                0x08010b38                USBH_MSC_BOT_Init
 .text.USBH_MSC_BOT_Process
                0x08010b7c      0x39c ./Middlewares/STM32_USBH_Library/Class/MSC/usbh_msc_bot.o
                0x08010b7c                USBH_MSC_BOT_Process
 .text.USBH_MSC_BOT_Abort
                0x08010f18       0x58 ./Middlewares/STM32_USBH_Library/Class/MSC/usbh_msc_bot.o
 .text.USBH_MSC_DecodeCSW
                0x08010f70       0x88 ./Middlewares/STM32_USBH_Library/Class/MSC/usbh_msc_bot.o
 .text.USBH_MSC_SCSI_TestUnitReady
                0x08010ff8       0x86 ./Middlewares/STM32_USBH_Library/Class/MSC/usbh_msc_scsi.o
                0x08010ff8                USBH_MSC_SCSI_TestUnitReady
 .text.USBH_MSC_SCSI_ReadCapacity
                0x0801107e       0xf4 ./Middlewares/STM32_USBH_Library/Class/MSC/usbh_msc_scsi.o
                0x0801107e                USBH_MSC_SCSI_ReadCapacity
 .text.USBH_MSC_SCSI_Inquiry
                0x08011172      0x14a ./Middlewares/STM32_USBH_Library/Class/MSC/usbh_msc_scsi.o
                0x08011172                USBH_MSC_SCSI_Inquiry
 .text.USBH_MSC_SCSI_RequestSense
                0x080112bc       0xfe ./Middlewares/STM32_USBH_Library/Class/MSC/usbh_msc_scsi.o
                0x080112bc                USBH_MSC_SCSI_RequestSense
 .text.USBH_MSC_SCSI_Write
                0x080113ba       0xe0 ./Middlewares/STM32_USBH_Library/Class/MSC/usbh_msc_scsi.o
                0x080113ba                USBH_MSC_SCSI_Write
 .text.USBH_MSC_SCSI_Read
                0x0801149a       0xe0 ./Middlewares/STM32_USBH_Library/Class/MSC/usbh_msc_scsi.o
                0x0801149a                USBH_MSC_SCSI_Read
 .text.USBH_Init
                0x0801157a       0x74 ./Middlewares/STM32_USBH_Library/Core/usbh_core.o
                0x0801157a                USBH_Init
 .text.DeInitStateMachine
                0x080115ee       0xea ./Middlewares/STM32_USBH_Library/Core/usbh_core.o
 .text.USBH_RegisterClass
                0x080116d8       0x56 ./Middlewares/STM32_USBH_Library/Core/usbh_core.o
                0x080116d8                USBH_RegisterClass
 .text.USBH_SelectInterface
                0x0801172e       0x38 ./Middlewares/STM32_USBH_Library/Core/usbh_core.o
                0x0801172e                USBH_SelectInterface
 .text.USBH_FindInterface
                0x08011766       0x8c ./Middlewares/STM32_USBH_Library/Core/usbh_core.o
                0x08011766                USBH_FindInterface
 .text.USBH_Start
                0x080117f2       0x20 ./Middlewares/STM32_USBH_Library/Core/usbh_core.o
                0x080117f2                USBH_Start
 *fill*         0x08011812        0x2 
 .text.USBH_Process
                0x08011814      0x3d4 ./Middlewares/STM32_USBH_Library/Core/usbh_core.o
                0x08011814                USBH_Process
 .text.USBH_HandleEnum
                0x08011be8      0x3c0 ./Middlewares/STM32_USBH_Library/Core/usbh_core.o
 .text.USBH_LL_SetTimer
                0x08011fa8       0x1e ./Middlewares/STM32_USBH_Library/Core/usbh_core.o
                0x08011fa8                USBH_LL_SetTimer
 .text.USBH_LL_IncTimer
                0x08011fc6       0x24 ./Middlewares/STM32_USBH_Library/Core/usbh_core.o
                0x08011fc6                USBH_LL_IncTimer
 .text.USBH_HandleSof
                0x08011fea       0x30 ./Middlewares/STM32_USBH_Library/Core/usbh_core.o
 .text.USBH_LL_PortEnabled
                0x0801201a       0x1c ./Middlewares/STM32_USBH_Library/Core/usbh_core.o
                0x0801201a                USBH_LL_PortEnabled
 .text.USBH_LL_PortDisabled
                0x08012036       0x1c ./Middlewares/STM32_USBH_Library/Core/usbh_core.o
                0x08012036                USBH_LL_PortDisabled
 .text.USBH_LL_Connect
                0x08012052       0x2e ./Middlewares/STM32_USBH_Library/Core/usbh_core.o
                0x08012052                USBH_LL_Connect
 .text.USBH_LL_Disconnect
                0x08012080       0x48 ./Middlewares/STM32_USBH_Library/Core/usbh_core.o
                0x08012080                USBH_LL_Disconnect
 .text.USBH_Get_DevDesc
                0x080120c8       0x58 ./Middlewares/STM32_USBH_Library/Core/usbh_ctlreq.o
                0x080120c8                USBH_Get_DevDesc
 .text.USBH_Get_CfgDesc
                0x08012120       0x54 ./Middlewares/STM32_USBH_Library/Core/usbh_ctlreq.o
                0x08012120                USBH_Get_CfgDesc
 .text.USBH_Get_StringDesc
                0x08012174       0x68 ./Middlewares/STM32_USBH_Library/Core/usbh_ctlreq.o
                0x08012174                USBH_Get_StringDesc
 .text.USBH_GetDescriptor
                0x080121dc       0x6a ./Middlewares/STM32_USBH_Library/Core/usbh_ctlreq.o
                0x080121dc                USBH_GetDescriptor
 .text.USBH_SetAddress
                0x08012246       0x48 ./Middlewares/STM32_USBH_Library/Core/usbh_ctlreq.o
                0x08012246                USBH_SetAddress
 .text.USBH_SetCfg
                0x0801228e       0x46 ./Middlewares/STM32_USBH_Library/Core/usbh_ctlreq.o
                0x0801228e                USBH_SetCfg
 .text.USBH_SetFeature
                0x080122d4       0x48 ./Middlewares/STM32_USBH_Library/Core/usbh_ctlreq.o
                0x080122d4                USBH_SetFeature
 .text.USBH_ClrFeature
                0x0801231c       0x48 ./Middlewares/STM32_USBH_Library/Core/usbh_ctlreq.o
                0x0801231c                USBH_ClrFeature
 .text.USBH_ParseDevDesc
                0x08012364      0x160 ./Middlewares/STM32_USBH_Library/Core/usbh_ctlreq.o
 .text.USBH_ParseCfgDesc
                0x080124c4      0x1f0 ./Middlewares/STM32_USBH_Library/Core/usbh_ctlreq.o
 .text.USBH_ParseInterfaceDesc
                0x080126b4       0x68 ./Middlewares/STM32_USBH_Library/Core/usbh_ctlreq.o
 .text.USBH_ParseEPDesc
                0x0801271c      0x1d0 ./Middlewares/STM32_USBH_Library/Core/usbh_ctlreq.o
 .text.USBH_ParseStringDesc
                0x080128ec       0x66 ./Middlewares/STM32_USBH_Library/Core/usbh_ctlreq.o
 .text.USBH_GetNextDesc
                0x08012952       0x34 ./Middlewares/STM32_USBH_Library/Core/usbh_ctlreq.o
                0x08012952                USBH_GetNextDesc
 .text.USBH_CtlReq
                0x08012986       0x7a ./Middlewares/STM32_USBH_Library/Core/usbh_ctlreq.o
                0x08012986                USBH_CtlReq
 .text.USBH_HandleControl
                0x08012a00      0x2e8 ./Middlewares/STM32_USBH_Library/Core/usbh_ctlreq.o
 .text.USBH_CtlSendSetup
                0x08012ce8       0x34 ./Middlewares/STM32_USBH_Library/Core/usbh_ioreq.o
                0x08012ce8                USBH_CtlSendSetup
 .text.USBH_CtlSendData
                0x08012d1c       0x4a ./Middlewares/STM32_USBH_Library/Core/usbh_ioreq.o
                0x08012d1c                USBH_CtlSendData
 .text.USBH_CtlReceiveData
                0x08012d66       0x3c ./Middlewares/STM32_USBH_Library/Core/usbh_ioreq.o
                0x08012d66                USBH_CtlReceiveData
 .text.USBH_BulkSendData
                0x08012da2       0x4a ./Middlewares/STM32_USBH_Library/Core/usbh_ioreq.o
                0x08012da2                USBH_BulkSendData
 .text.USBH_BulkReceiveData
                0x08012dec       0x3c ./Middlewares/STM32_USBH_Library/Core/usbh_ioreq.o
                0x08012dec                USBH_BulkReceiveData
 .text.USBH_OpenPipe
                0x08012e28       0x3e ./Middlewares/STM32_USBH_Library/Core/usbh_pipes.o
                0x08012e28                USBH_OpenPipe
 .text.USBH_ClosePipe
                0x08012e66       0x20 ./Middlewares/STM32_USBH_Library/Core/usbh_pipes.o
                0x08012e66                USBH_ClosePipe
 .text.USBH_AllocPipe
                0x08012e86       0x44 ./Middlewares/STM32_USBH_Library/Core/usbh_pipes.o
                0x08012e86                USBH_AllocPipe
 .text.USBH_FreePipe
                0x08012eca       0x40 ./Middlewares/STM32_USBH_Library/Core/usbh_pipes.o
                0x08012eca                USBH_FreePipe
 .text.USBH_GetFreePipe
                0x08012f0a       0x4a ./Middlewares/STM32_USBH_Library/Core/usbh_pipes.o
 .text.D16_GENERIC
                0x08012f54      0x118 ../../Middlewares/ST/STM32_Audio/Addons/PDM/Lib\libPDMFilter_CM4_GCC_wc32.a(pdm_filter.o)
 .text.D24_GENERIC
                0x0801306c      0x188 ../../Middlewares/ST/STM32_Audio/Addons/PDM/Lib\libPDMFilter_CM4_GCC_wc32.a(pdm_filter.o)
 .text.D32_GENERIC
                0x080131f4      0x188 ../../Middlewares/ST/STM32_Audio/Addons/PDM/Lib\libPDMFilter_CM4_GCC_wc32.a(pdm_filter.o)
 .text.D48_GENERIC
                0x0801337c      0x1e8 ../../Middlewares/ST/STM32_Audio/Addons/PDM/Lib\libPDMFilter_CM4_GCC_wc32.a(pdm_filter.o)
 .text.D64_GENERIC
                0x08013564      0x21c ../../Middlewares/ST/STM32_Audio/Addons/PDM/Lib\libPDMFilter_CM4_GCC_wc32.a(pdm_filter.o)
 .text.D80_GENERIC
                0x08013780      0x294 ../../Middlewares/ST/STM32_Audio/Addons/PDM/Lib\libPDMFilter_CM4_GCC_wc32.a(pdm_filter.o)
 .text.D128_GENERIC
                0x08013a14      0x3e0 ../../Middlewares/ST/STM32_Audio/Addons/PDM/Lib\libPDMFilter_CM4_GCC_wc32.a(pdm_filter.o)
 .text.D16_1CH_HTONS_VOL_HP
                0x08013df4       0xe8 ../../Middlewares/ST/STM32_Audio/Addons/PDM/Lib\libPDMFilter_CM4_GCC_wc32.a(pdm_filter.o)
 .text.D24_1CH_HTONS_VOL_HP
                0x08013edc      0x144 ../../Middlewares/ST/STM32_Audio/Addons/PDM/Lib\libPDMFilter_CM4_GCC_wc32.a(pdm_filter.o)
 .text.D32_1CH_HTONS_VOL_HP
                0x08014020      0x11c ../../Middlewares/ST/STM32_Audio/Addons/PDM/Lib\libPDMFilter_CM4_GCC_wc32.a(pdm_filter.o)
 .text.D48_1CH_HTONS_VOL_HP
                0x0801413c      0x16c ../../Middlewares/ST/STM32_Audio/Addons/PDM/Lib\libPDMFilter_CM4_GCC_wc32.a(pdm_filter.o)
 .text.D64_1CH_HTONS_VOL_HP
                0x080142a8      0x1a0 ../../Middlewares/ST/STM32_Audio/Addons/PDM/Lib\libPDMFilter_CM4_GCC_wc32.a(pdm_filter.o)
 .text.D80_1CH_HTONS_VOL_HP
                0x08014448      0x208 ../../Middlewares/ST/STM32_Audio/Addons/PDM/Lib\libPDMFilter_CM4_GCC_wc32.a(pdm_filter.o)
 .text.D128_1CH_HTONS_VOL_HP
                0x08014650      0x324 ../../Middlewares/ST/STM32_Audio/Addons/PDM/Lib\libPDMFilter_CM4_GCC_wc32.a(pdm_filter.o)
 .text.PDM_Filter_Init
                0x08014974      0x1a0 ../../Middlewares/ST/STM32_Audio/Addons/PDM/Lib\libPDMFilter_CM4_GCC_wc32.a(pdm_filter.o)
                0x08014974                PDM_Filter_Init
 .text.PDM_Filter_setConfig
                0x08014b14      0x20c ../../Middlewares/ST/STM32_Audio/Addons/PDM/Lib\libPDMFilter_CM4_GCC_wc32.a(pdm_filter.o)
                0x08014b14                PDM_Filter_setConfig
 .text.PDM_Filter
                0x08014d20       0x34 ../../Middlewares/ST/STM32_Audio/Addons/PDM/Lib\libPDMFilter_CM4_GCC_wc32.a(pdm_filter.o)
                0x08014d20                PDM_Filter
 .text.malloc   0x08014d54       0x10 C:/ST/STM32CubeIDE_1.16.1/STM32CubeIDE/plugins/com.st.stm32cube.ide.mcu.externaltools.gnu-tools-for-stm32.13.3.rel1.win32_1.0.0.202411081344/tools/bin/../lib/gcc/arm-none-eabi/13.3.1/../../../../arm-none-eabi/lib/thumb/v7e-m+fp/hard\libc_nano.a(libc_a-malloc.o)
                0x08014d54                malloc
 .text.free     0x08014d64       0x10 C:/ST/STM32CubeIDE_1.16.1/STM32CubeIDE/plugins/com.st.stm32cube.ide.mcu.externaltools.gnu-tools-for-stm32.13.3.rel1.win32_1.0.0.202411081344/tools/bin/../lib/gcc/arm-none-eabi/13.3.1/../../../../arm-none-eabi/lib/thumb/v7e-m+fp/hard\libc_nano.a(libc_a-malloc.o)
                0x08014d64                free
 .text.sbrk_aligned
                0x08014d74       0x44 C:/ST/STM32CubeIDE_1.16.1/STM32CubeIDE/plugins/com.st.stm32cube.ide.mcu.externaltools.gnu-tools-for-stm32.13.3.rel1.win32_1.0.0.202411081344/tools/bin/../lib/gcc/arm-none-eabi/13.3.1/../../../../arm-none-eabi/lib/thumb/v7e-m+fp/hard\libc_nano.a(libc_a-mallocr.o)
 .text._malloc_r
                0x08014db8      0x100 C:/ST/STM32CubeIDE_1.16.1/STM32CubeIDE/plugins/com.st.stm32cube.ide.mcu.externaltools.gnu-tools-for-stm32.13.3.rel1.win32_1.0.0.202411081344/tools/bin/../lib/gcc/arm-none-eabi/13.3.1/../../../../arm-none-eabi/lib/thumb/v7e-m+fp/hard\libc_nano.a(libc_a-mallocr.o)
                0x08014db8                _malloc_r
 .text.__malloc_lock
                0x08014eb8        0xc C:/ST/STM32CubeIDE_1.16.1/STM32CubeIDE/plugins/com.st.stm32cube.ide.mcu.externaltools.gnu-tools-for-stm32.13.3.rel1.win32_1.0.0.202411081344/tools/bin/../lib/gcc/arm-none-eabi/13.3.1/../../../../arm-none-eabi/lib/thumb/v7e-m+fp/hard\libc_nano.a(libc_a-mlock.o)
                0x08014eb8                __malloc_lock
 .text.__malloc_unlock
                0x08014ec4        0xc C:/ST/STM32CubeIDE_1.16.1/STM32CubeIDE/plugins/com.st.stm32cube.ide.mcu.externaltools.gnu-tools-for-stm32.13.3.rel1.win32_1.0.0.202411081344/tools/bin/../lib/gcc/arm-none-eabi/13.3.1/../../../../arm-none-eabi/lib/thumb/v7e-m+fp/hard\libc_nano.a(libc_a-mlock.o)
                0x08014ec4                __malloc_unlock
 .text.memset   0x08014ed0       0x10 C:/ST/STM32CubeIDE_1.16.1/STM32CubeIDE/plugins/com.st.stm32cube.ide.mcu.externaltools.gnu-tools-for-stm32.13.3.rel1.win32_1.0.0.202411081344/tools/bin/../lib/gcc/arm-none-eabi/13.3.1/../../../../arm-none-eabi/lib/thumb/v7e-m+fp/hard\libc_nano.a(libc_a-memset.o)
                0x08014ed0                memset
 .text._sbrk_r  0x08014ee0       0x20 C:/ST/STM32CubeIDE_1.16.1/STM32CubeIDE/plugins/com.st.stm32cube.ide.mcu.externaltools.gnu-tools-for-stm32.13.3.rel1.win32_1.0.0.202411081344/tools/bin/../lib/gcc/arm-none-eabi/13.3.1/../../../../arm-none-eabi/lib/thumb/v7e-m+fp/hard\libc_nano.a(libc_a-sbrkr.o)
                0x08014ee0                _sbrk_r
 .text.__errno  0x08014f00        0xc C:/ST/STM32CubeIDE_1.16.1/STM32CubeIDE/plugins/com.st.stm32cube.ide.mcu.externaltools.gnu-tools-for-stm32.13.3.rel1.win32_1.0.0.202411081344/tools/bin/../lib/gcc/arm-none-eabi/13.3.1/../../../../arm-none-eabi/lib/thumb/v7e-m+fp/hard\libc_nano.a(libc_a-errno.o)
                0x08014f00                __errno
 .text.__libc_init_array
                0x08014f0c       0x48 C:/ST/STM32CubeIDE_1.16.1/STM32CubeIDE/plugins/com.st.stm32cube.ide.mcu.externaltools.gnu-tools-for-stm32.13.3.rel1.win32_1.0.0.202411081344/tools/bin/../lib/gcc/arm-none-eabi/13.3.1/../../../../arm-none-eabi/lib/thumb/v7e-m+fp/hard\libc_nano.a(libc_a-init.o)
                0x08014f0c                __libc_init_array
 .text.__retarget_lock_acquire_recursive
                0x08014f54        0x2 C:/ST/STM32CubeIDE_1.16.1/STM32CubeIDE/plugins/com.st.stm32cube.ide.mcu.externaltools.gnu-tools-for-stm32.13.3.rel1.win32_1.0.0.202411081344/tools/bin/../lib/gcc/arm-none-eabi/13.3.1/../../../../arm-none-eabi/lib/thumb/v7e-m+fp/hard\libc_nano.a(libc_a-lock.o)
                0x08014f54                __retarget_lock_acquire_recursive
 .text.__retarget_lock_release_recursive
                0x08014f56        0x2 C:/ST/STM32CubeIDE_1.16.1/STM32CubeIDE/plugins/com.st.stm32cube.ide.mcu.externaltools.gnu-tools-for-stm32.13.3.rel1.win32_1.0.0.202411081344/tools/bin/../lib/gcc/arm-none-eabi/13.3.1/../../../../arm-none-eabi/lib/thumb/v7e-m+fp/hard\libc_nano.a(libc_a-lock.o)
                0x08014f56                __retarget_lock_release_recursive
 .text.memcpy   0x08014f58       0x1c C:/ST/STM32CubeIDE_1.16.1/STM32CubeIDE/plugins/com.st.stm32cube.ide.mcu.externaltools.gnu-tools-for-stm32.13.3.rel1.win32_1.0.0.202411081344/tools/bin/../lib/gcc/arm-none-eabi/13.3.1/../../../../arm-none-eabi/lib/thumb/v7e-m+fp/hard\libc_nano.a(libc_a-memcpy-stub.o)
                0x08014f58                memcpy
 .text._free_r  0x08014f74       0x94 C:/ST/STM32CubeIDE_1.16.1/STM32CubeIDE/plugins/com.st.stm32cube.ide.mcu.externaltools.gnu-tools-for-stm32.13.3.rel1.win32_1.0.0.202411081344/tools/bin/../lib/gcc/arm-none-eabi/13.3.1/../../../../arm-none-eabi/lib/thumb/v7e-m+fp/hard\libc_nano.a(libc_a-freer.o)
                0x08014f74                _free_r
 .text.powf     0x08015008       0xae C:/ST/STM32CubeIDE_1.16.1/STM32CubeIDE/plugins/com.st.stm32cube.ide.mcu.externaltools.gnu-tools-for-stm32.13.3.rel1.win32_1.0.0.202411081344/tools/bin/../lib/gcc/arm-none-eabi/13.3.1/../../../../arm-none-eabi/lib/thumb/v7e-m+fp/hard\libm.a(libm_a-wf_pow.o)
                0x08015008                powf
 .text.finitef  0x080150b6       0x14 C:/ST/STM32CubeIDE_1.16.1/STM32CubeIDE/plugins/com.st.stm32cube.ide.mcu.externaltools.gnu-tools-for-stm32.13.3.rel1.win32_1.0.0.202411081344/tools/bin/../lib/gcc/arm-none-eabi/13.3.1/../../../../arm-none-eabi/lib/thumb/v7e-m+fp/hard\libm.a(libm_a-sf_finite.o)
                0x080150b6                finitef
 *fill*         0x080150ca        0x2 
 .text.roundf   0x080150cc       0x48 C:/ST/STM32CubeIDE_1.16.1/STM32CubeIDE/plugins/com.st.stm32cube.ide.mcu.externaltools.gnu-tools-for-stm32.13.3.rel1.win32_1.0.0.202411081344/tools/bin/../lib/gcc/arm-none-eabi/13.3.1/../../../../arm-none-eabi/lib/thumb/v7e-m+fp/hard\libm.a(libm_a-sf_round.o)
                0x080150cc                roundf
 .text.__ieee754_powf
                0x08015114      0x59c C:/ST/STM32CubeIDE_1.16.1/STM32CubeIDE/plugins/com.st.stm32cube.ide.mcu.externaltools.gnu-tools-for-stm32.13.3.rel1.win32_1.0.0.202411081344/tools/bin/../lib/gcc/arm-none-eabi/13.3.1/../../../../arm-none-eabi/lib/thumb/v7e-m+fp/hard\libm.a(libm_a-ef_pow.o)
                0x08015114                __ieee754_powf
 .text.fabsf    0x080156b0        0xe C:/ST/STM32CubeIDE_1.16.1/STM32CubeIDE/plugins/com.st.stm32cube.ide.mcu.externaltools.gnu-tools-for-stm32.13.3.rel1.win32_1.0.0.202411081344/tools/bin/../lib/gcc/arm-none-eabi/13.3.1/../../../../arm-none-eabi/lib/thumb/v7e-m+fp/hard\libm.a(libm_a-sf_fabs.o)
                0x080156b0                fabsf
 *fill*         0x080156be        0x2 
 .text.scalbnf  0x080156c0       0xcc C:/ST/STM32CubeIDE_1.16.1/STM32CubeIDE/plugins/com.st.stm32cube.ide.mcu.externaltools.gnu-tools-for-stm32.13.3.rel1.win32_1.0.0.202411081344/tools/bin/../lib/gcc/arm-none-eabi/13.3.1/../../../../arm-none-eabi/lib/thumb/v7e-m+fp/hard\libm.a(libm_a-sf_scalbn.o)
                0x080156c0                scalbnf
 .text.with_errnof
                0x0801578c       0x1c C:/ST/STM32CubeIDE_1.16.1/STM32CubeIDE/plugins/com.st.stm32cube.ide.mcu.externaltools.gnu-tools-for-stm32.13.3.rel1.win32_1.0.0.202411081344/tools/bin/../lib/gcc/arm-none-eabi/13.3.1/../../../../arm-none-eabi/lib/thumb/v7e-m+fp/hard\libm.a(libm_a-math_errf.o)
 .text.xflowf   0x080157a8       0x16 C:/ST/STM32CubeIDE_1.16.1/STM32CubeIDE/plugins/com.st.stm32cube.ide.mcu.externaltools.gnu-tools-for-stm32.13.3.rel1.win32_1.0.0.202411081344/tools/bin/../lib/gcc/arm-none-eabi/13.3.1/../../../../arm-none-eabi/lib/thumb/v7e-m+fp/hard\libm.a(libm_a-math_errf.o)
 *fill*         0x080157be        0x2 
 .text.__math_uflowf
                0x080157c0        0xc C:/ST/STM32CubeIDE_1.16.1/STM32CubeIDE/plugins/com.st.stm32cube.ide.mcu.externaltools.gnu-tools-for-stm32.13.3.rel1.win32_1.0.0.202411081344/tools/bin/../lib/gcc/arm-none-eabi/13.3.1/../../../../arm-none-eabi/lib/thumb/v7e-m+fp/hard\libm.a(libm_a-math_errf.o)
                0x080157c0                __math_uflowf
 .text.__math_oflowf
                0x080157cc        0xc C:/ST/STM32CubeIDE_1.16.1/STM32CubeIDE/plugins/com.st.stm32cube.ide.mcu.externaltools.gnu-tools-for-stm32.13.3.rel1.win32_1.0.0.202411081344/tools/bin/../lib/gcc/arm-none-eabi/13.3.1/../../../../arm-none-eabi/lib/thumb/v7e-m+fp/hard\libm.a(libm_a-math_errf.o)
                0x080157cc                __math_oflowf
 .text.__ieee754_sqrtf
                0x080157d8        0x6 C:/ST/STM32CubeIDE_1.16.1/STM32CubeIDE/plugins/com.st.stm32cube.ide.mcu.externaltools.gnu-tools-for-stm32.13.3.rel1.win32_1.0.0.202411081344/tools/bin/../lib/gcc/arm-none-eabi/13.3.1/../../../../arm-none-eabi/lib/thumb/v7e-m+fp/hard\libm.a(libm_a-ef_sqrt.o)
                0x080157d8                __ieee754_sqrtf
 *(.glue_7)
 .glue_7        0x080157de        0x0 linker stubs
 *(.glue_7t)
 .glue_7t       0x080157de        0x0 linker stubs
 *(.eh_frame)
 *fill*         0x080157de        0x2 
 .eh_frame      0x080157e0        0x0 C:/ST/STM32CubeIDE_1.16.1/STM32CubeIDE/plugins/com.st.stm32cube.ide.mcu.externaltools.gnu-tools-for-stm32.13.3.rel1.win32_1.0.0.202411081344/tools/bin/../lib/gcc/arm-none-eabi/13.3.1/thumb/v7e-m+fp/hard/crtbegin.o
 *(.init)
 .init          0x080157e0        0x4 C:/ST/STM32CubeIDE_1.16.1/STM32CubeIDE/plugins/com.st.stm32cube.ide.mcu.externaltools.gnu-tools-for-stm32.13.3.rel1.win32_1.0.0.202411081344/tools/bin/../lib/gcc/arm-none-eabi/13.3.1/thumb/v7e-m+fp/hard/crti.o
                0x080157e0                _init
 .init          0x080157e4        0x8 C:/ST/STM32CubeIDE_1.16.1/STM32CubeIDE/plugins/com.st.stm32cube.ide.mcu.externaltools.gnu-tools-for-stm32.13.3.rel1.win32_1.0.0.202411081344/tools/bin/../lib/gcc/arm-none-eabi/13.3.1/thumb/v7e-m+fp/hard/crtn.o
 *(.fini)
 .fini          0x080157ec        0x4 C:/ST/STM32CubeIDE_1.16.1/STM32CubeIDE/plugins/com.st.stm32cube.ide.mcu.externaltools.gnu-tools-for-stm32.13.3.rel1.win32_1.0.0.202411081344/tools/bin/../lib/gcc/arm-none-eabi/13.3.1/thumb/v7e-m+fp/hard/crti.o
                0x080157ec                _fini
 .fini          0x080157f0        0x8 C:/ST/STM32CubeIDE_1.16.1/STM32CubeIDE/plugins/com.st.stm32cube.ide.mcu.externaltools.gnu-tools-for-stm32.13.3.rel1.win32_1.0.0.202411081344/tools/bin/../lib/gcc/arm-none-eabi/13.3.1/thumb/v7e-m+fp/hard/crtn.o
                0x080157f8                        . = ALIGN (0x4)
                0x080157f8                        _etext = .

.vfp11_veneer   0x080157f8        0x0
 .vfp11_veneer  0x080157f8        0x0 linker stubs

.v4_bx          0x080157f8        0x0
 .v4_bx         0x080157f8        0x0 linker stubs

.iplt           0x080157f8        0x0
 .iplt          0x080157f8        0x0 C:/ST/STM32CubeIDE_1.16.1/STM32CubeIDE/plugins/com.st.stm32cube.ide.mcu.externaltools.gnu-tools-for-stm32.13.3.rel1.win32_1.0.0.202411081344/tools/bin/../lib/gcc/arm-none-eabi/13.3.1/thumb/v7e-m+fp/hard/crtbegin.o

.rodata         0x080157f8      0x5a8
                0x080157f8                        . = ALIGN (0x4)
 *(.rodata)
 .rodata        0x080157f8        0x1 ./Application/User/main.o
 *fill*         0x080157f9        0x3 
 .rodata        0x080157fc       0x1f ./Application/User/waveplayer.o
 *fill*         0x0801581b        0x1 
 .rodata        0x0801581c        0xa ./Application/User/waverecorder.o
 *fill*         0x08015826        0x2 
 .rodata        0x08015828       0x48 ./Middlewares/FatFs/Core/ff.o
 .rodata        0x08015870        0x4 ./Middlewares/STM32_USBH_Library/Class/MSC/usbh_msc.o
 *(.rodata*)
 .rodata.GPIO_PIN
                0x08015874        0x8 ./Drivers/BSP/STM32F4-Discovery/stm32f4_discovery.o
                0x08015874                GPIO_PIN
 .rodata.I2SFreq
                0x0801587c       0x20 ./Drivers/BSP/STM32F4-Discovery/stm32f4_discovery_audio.o
                0x0801587c                I2SFreq
 .rodata.I2SPLLN
                0x0801589c       0x20 ./Drivers/BSP/STM32F4-Discovery/stm32f4_discovery_audio.o
                0x0801589c                I2SPLLN
 .rodata.I2SPLLR
                0x080158bc       0x20 ./Drivers/BSP/STM32F4-Discovery/stm32f4_discovery_audio.o
                0x080158bc                I2SPLLR
 .rodata.AHBPrescTable
                0x080158dc       0x10 ./Drivers/CMSIS/system_stm32f4xx.o
                0x080158dc                AHBPrescTable
 .rodata.APBPrescTable
                0x080158ec        0x8 ./Drivers/CMSIS/system_stm32f4xx.o
                0x080158ec                APBPrescTable
 .rodata.flagBitshiftOffset.0
                0x080158f4        0x8 ./Drivers/STM32F4xx_HAL_Drivers/stm32f4xx_hal_dma.o
 .rodata.ExCvt  0x080158fc       0x80 ./Middlewares/FatFs/Core/ff.o
 .rodata.LfnOfs
                0x0801597c        0xd ./Middlewares/FatFs/Core/ff.o
 *fill*         0x08015989        0x3 
 .rodata.USBH_Driver
                0x0801598c       0x14 ./Middlewares/FatFs/Drivers/usbh_diskio_dma.o
                0x0801598c                USBH_Driver
 .rodata.Tbl    0x080159a0      0x100 ./Middlewares/FatFs/Options/unicode.o
 .rodata.cvt1.1
                0x08015aa0      0x1f2 ./Middlewares/FatFs/Options/unicode.o
 *fill*         0x08015c92        0x2 
 .rodata.cvt2.0
                0x08015c94       0xbc ./Middlewares/FatFs/Options/unicode.o
 .rodata.CSWTCH.387
                0x08015d50       0x1c ../../Middlewares/ST/STM32_Audio/Addons/PDM/Lib\libPDMFilter_CM4_GCC_wc32.a(pdm_filter.o)
 .rodata.CSWTCH.388
                0x08015d6c       0x1c ../../Middlewares/ST/STM32_Audio/Addons/PDM/Lib\libPDMFilter_CM4_GCC_wc32.a(pdm_filter.o)
 .rodata.dp_l   0x08015d88        0x8 C:/ST/STM32CubeIDE_1.16.1/STM32CubeIDE/plugins/com.st.stm32cube.ide.mcu.externaltools.gnu-tools-for-stm32.13.3.rel1.win32_1.0.0.202411081344/tools/bin/../lib/gcc/arm-none-eabi/13.3.1/../../../../arm-none-eabi/lib/thumb/v7e-m+fp/hard\libm.a(libm_a-ef_pow.o)
 .rodata.dp_h   0x08015d90        0x8 C:/ST/STM32CubeIDE_1.16.1/STM32CubeIDE/plugins/com.st.stm32cube.ide.mcu.externaltools.gnu-tools-for-stm32.13.3.rel1.win32_1.0.0.202411081344/tools/bin/../lib/gcc/arm-none-eabi/13.3.1/../../../../arm-none-eabi/lib/thumb/v7e-m+fp/hard\libm.a(libm_a-ef_pow.o)
 .rodata.bp     0x08015d98        0x8 C:/ST/STM32CubeIDE_1.16.1/STM32CubeIDE/plugins/com.st.stm32cube.ide.mcu.externaltools.gnu-tools-for-stm32.13.3.rel1.win32_1.0.0.202411081344/tools/bin/../lib/gcc/arm-none-eabi/13.3.1/../../../../arm-none-eabi/lib/thumb/v7e-m+fp/hard\libm.a(libm_a-ef_pow.o)
                0x08015da0                        . = ALIGN (0x4)

.ARM.extab      0x08015da0        0x0
                0x08015da0                        . = ALIGN (0x4)
 *(.ARM.extab* .gnu.linkonce.armextab.*)
                0x08015da0                        . = ALIGN (0x4)

.ARM            0x08015da0        0x8
                0x08015da0                        . = ALIGN (0x4)
                0x08015da0                        __exidx_start = .
 *(.ARM.exidx*)
 .ARM.exidx     0x08015da0        0x8 C:/ST/STM32CubeIDE_1.16.1/STM32CubeIDE/plugins/com.st.stm32cube.ide.mcu.externaltools.gnu-tools-for-stm32.13.3.rel1.win32_1.0.0.202411081344/tools/bin/../lib/gcc/arm-none-eabi/13.3.1/thumb/v7e-m+fp/hard\libgcc.a(_udivmoddi4.o)
                0x08015da8                        __exidx_end = .
                0x08015da8                        . = ALIGN (0x4)

.preinit_array  0x08015da8        0x0
                0x08015da8                        . = ALIGN (0x4)
                0x08015da8                        PROVIDE (__preinit_array_start = .)