C:/Users/Tomas/STM32CubeIDE/workspace_1.16.1/HolaMundoFFTCMSIS5/PSD-construction-in-STM32F407G-DISC1/Audio_playback_and_record/Src/main.c:73:5:main	8	static
C:/Users/Tomas/STM32CubeIDE/workspace_1.16.1/HolaMundoFFTCMSIS5/PSD-construction-in-STM32F407G-DISC1/Audio_playback_and_record/Src/main.c:158:13:USBH_UserProcess	16	static
C:/Users/Tomas/STM32CubeIDE/workspace_1.16.1/HolaMundoFFTCMSIS5/PSD-construction-in-STM32F407G-DISC1/Audio_playback_and_record/Src/main.c:188:13:MSC_Application	8	static
C:/Users/Tomas/STM32CubeIDE/workspace_1.16.1/HolaMundoFFTCMSIS5/PSD-construction-in-STM32F407G-DISC1/Audio_playback_and_record/Src/main.c:222:13:COMMAND_AudioExecuteApplication	8	static
C:/Users/Tomas/STM32CubeIDE/workspace_1.16.1/HolaMundoFFTCMSIS5/PSD-construction-in-STM32F407G-DISC1/Audio_playback_and_record/Src/main.c:264:13:SystemClock_Config	88	static
C:/Users/Tomas/STM32CubeIDE/workspace_1.16.1/HolaMundoFFTCMSIS5/PSD-construction-in-STM32F407G-DISC1/Audio_playback_and_record/Src/main.c:316:13:TIM_LED_Config	24	static
C:/Users/Tomas/STM32CubeIDE/workspace_1.16.1/HolaMundoFFTCMSIS5/PSD-construction-in-STM32F407G-DISC1/Audio_playback_and_record/Src/main.c:383:6:Error_Handler	8	static
C:/Users/Tomas/STM32CubeIDE/workspace_1.16.1/HolaMundoFFTCMSIS5/PSD-construction-in-STM32F407G-DISC1/Audio_playback_and_record/Src/main.c:397:6:HAL_TIM_OC_DelayElapsedCallback	24	static
C:/Users/Tomas/STM32CubeIDE/workspace_1.16.1/HolaMundoFFTCMSIS5/PSD-construction-in-STM32F407G-DISC1/Audio_playback_and_record/Src/main.c:454:6:HAL_GPIO_EXTI_Callback	16	static
