C:/Users/Tomas/STM32CubeIDE/workspace_1.16.1/HolaMundoFFTCMSIS5/PSD-construction-in-STM32F407G-DISC1/Audio_playback_and_record/Src/waveplayer.c:83:6:WavePlayBack	24	static
C:/Users/Tomas/STM32CubeIDE/workspace_1.16.1/HolaMundoFFTCMSIS5/PSD-construction-in-STM32F407G-DISC1/Audio_playback_and_record/Src/waveplayer.c:200:6:WavePlayerPauseResume	16	static
C:/Users/Tomas/STM32CubeIDE/workspace_1.16.1/HolaMundoFFTCMSIS5/PSD-construction-in-STM32F407G-DISC1/Audio_playback_and_record/Src/waveplayer.c:217:6:WavePlayerStop	8	static
C:/Users/Tomas/STM32CubeIDE/workspace_1.16.1/HolaMundoFFTCMSIS5/PSD-construction-in-STM32F407G-DISC1/Audio_playback_and_record/Src/waveplayer.c:227:5:WavePlayerInit	16	static
C:/Users/Tomas/STM32CubeIDE/workspace_1.16.1/HolaMundoFFTCMSIS5/PSD-construction-in-STM32F407G-DISC1/Audio_playback_and_record/Src/waveplayer.c:248:6:BSP_AUDIO_OUT_HalfTransfer_CallBack	4	static
C:/Users/Tomas/STM32CubeIDE/workspace_1.16.1/HolaMundoFFTCMSIS5/PSD-construction-in-STM32F407G-DISC1/Audio_playback_and_record/Src/waveplayer.c:258:6:BSP_AUDIO_OUT_TransferComplete_CallBack	8	static
C:/Users/Tomas/STM32CubeIDE/workspace_1.16.1/HolaMundoFFTCMSIS5/PSD-construction-in-STM32F407G-DISC1/Audio_playback_and_record/Src/waveplayer.c:269:6:BSP_AUDIO_OUT_Error_CallBack	4	static
C:/Users/Tomas/STM32CubeIDE/workspace_1.16.1/HolaMundoFFTCMSIS5/PSD-construction-in-STM32F407G-DISC1/Audio_playback_and_record/Src/waveplayer.c:284:6:WavePlayerStart	64	static
C:/Users/Tomas/STM32CubeIDE/workspace_1.16.1/HolaMundoFFTCMSIS5/PSD-construction-in-STM32F407G-DISC1/Audio_playback_and_record/Src/waveplayer.c:327:6:WavePlayer_CallBack	8	static
