03:24:28 **** Incremental Build of configuration Debug for project HelloWorldFFT ****
make -j16 all 
arm-none-eabi-gcc "../Core/Src/main.c" -mcpu=cortex-m4 -std=gnu11 -g3 -DDEBUG -DUSE_HAL_DRIVER -DSTM32F407xx -c -I../USB_HOST/App -I../USB_HOST/Target -I../Core/Inc -I../Drivers/STM32F4xx_HAL_Driver/Inc -I../Drivers/STM32F4xx_HAL_Driver/Inc/Legacy -I../Middlewares/ST/STM32_USB_Host_Library/Core/Inc -I../Middlewares/ST/STM32_USB_Host_Library/Class/CDC/Inc -I../Drivers/CMSIS/Device/ST/STM32F4xx/Include -I../Drivers/CMSIS/Include -I"C:/Users/Tomas/STM32CubeIDE/workspace_1.16.1/HolaMundoFFTCMSIS5/PSD-construction-in-STM32F407G-DISC1/HelloWorldFFT/Drivers/CMSIS_DSP/Include" -I"C:/Users/Tomas/STM32CubeIDE/workspace_1.16.1/HolaMundoFFTCMSIS5/PSD-construction-in-STM32F407G-DISC1/HelloWorldFFT/Drivers/CMSIS_DSP/PrivateInclude" -O0 -ffunction-sections -fdata-sections -Wall -fstack-usage -fcyclomatic-complexity -MMD -MP -MF"Core/Src/main.d" -MT"Core/Src/main.o" --specs=nano.specs -mfpu=fpv4-sp-d16 -mfloat-abi=hard -mthumb -o "Core/Src/main.o"
arm-none-eabi-gcc -o "HelloWorldFFT.elf" @"objects.list"   -mcpu=cortex-m4 -T"C:\Users\Tomas\STM32CubeIDE\workspace_1.16.1\HolaMundoFFTCMSIS5\PSD-construction-in-STM32F407G-DISC1\HelloWorldFFT\STM32F407VGTX_FLASH.ld" --specs=nosys.specs -Wl,-Map="HelloWorldFFT.map" -Wl,--gc-sections -static --specs=nano.specs -mfpu=fpv4-sp-d16 -mfloat-abi=hard -mthumb -Wl,--start-group -lc -lm -Wl,--end-group
Finished building target: HelloWorldFFT.elf
 
arm-none-eabi-size  HelloWorldFFT.elf 
arm-none-eabi-objdump -h -S HelloWorldFFT.elf  > "HelloWorldFFT.list"
   text	   data	    bss	    dec	    hex	filename
 128412	    132	   4532	 133076	  207d4	HelloWorldFFT.elf
Finished building: default.size.stdout
 
Finished building: HelloWorldFFT.list
 

03:24:34 Build Finished. 0 errors, 0 warnings. (took 6s.10ms)

